Component: ARM Compiler 5.06 update 6 (build 750) Tool: armlink [4d35ed]

==============================================================================

Section Cross References

    startup_stm32h750xx.o(STACK) refers (Special) to heapauxi.o(.text) for __use_two_region_memory
    startup_stm32h750xx.o(HEAP) refers (Special) to heapauxi.o(.text) for __use_two_region_memory
    startup_stm32h750xx.o(RESET) refers (Special) to heapauxi.o(.text) for __use_two_region_memory
    startup_stm32h750xx.o(RESET) refers to startup_stm32h750xx.o(STACK) for __initial_sp
    startup_stm32h750xx.o(RESET) refers to startup_stm32h750xx.o(.text) for Reset_Handler
    startup_stm32h750xx.o(RESET) refers to stm32h7xx_it.o(i.NMI_Handler) for NMI_Handler
    startup_stm32h750xx.o(RESET) refers to stm32h7xx_it.o(i.HardFault_Handler) for HardFault_Handler
    startup_stm32h750xx.o(RESET) refers to stm32h7xx_it.o(i.MemManage_Handler) for MemManage_Handler
    startup_stm32h750xx.o(RESET) refers to stm32h7xx_it.o(i.BusFault_Handler) for BusFault_Handler
    startup_stm32h750xx.o(RESET) refers to stm32h7xx_it.o(i.UsageFault_Handler) for UsageFault_Handler
    startup_stm32h750xx.o(RESET) refers to stm32h7xx_it.o(i.SVC_Handler) for SVC_Handler
    startup_stm32h750xx.o(RESET) refers to stm32h7xx_it.o(i.DebugMon_Handler) for DebugMon_Handler
    startup_stm32h750xx.o(RESET) refers to stm32h7xx_it.o(i.PendSV_Handler) for PendSV_Handler
    startup_stm32h750xx.o(RESET) refers to stm32h7xx_it.o(i.SysTick_Handler) for SysTick_Handler
    startup_stm32h750xx.o(RESET) refers to stm32h7xx_it.o(i.DMA1_Stream0_IRQHandler) for DMA1_Stream0_IRQHandler
    startup_stm32h750xx.o(RESET) refers to stm32h7xx_it.o(i.DMA1_Stream6_IRQHandler) for DMA1_Stream6_IRQHandler
    startup_stm32h750xx.o(RESET) refers to stm32h7xx_it.o(i.FDCAN1_IT0_IRQHandler) for FDCAN1_IT0_IRQHandler
    startup_stm32h750xx.o(RESET) refers to stm32h7xx_it.o(i.FDCAN2_IT0_IRQHandler) for FDCAN2_IT0_IRQHandler
    startup_stm32h750xx.o(RESET) refers to stm32h7xx_it.o(i.USART1_IRQHandler) for USART1_IRQHandler
    startup_stm32h750xx.o(RESET) refers to stm32h7xx_it.o(i.TIM8_TRG_COM_TIM14_IRQHandler) for TIM8_TRG_COM_TIM14_IRQHandler
    startup_stm32h750xx.o(RESET) refers to stm32h7xx_it.o(i.DMA1_Stream7_IRQHandler) for DMA1_Stream7_IRQHandler
    startup_stm32h750xx.o(RESET) refers to stm32h7xx_it.o(i.USART6_IRQHandler) for USART6_IRQHandler
    startup_stm32h750xx.o(.text) refers (Special) to heapauxi.o(.text) for __use_two_region_memory
    startup_stm32h750xx.o(.text) refers to system_stm32h7xx.o(i.SystemInit) for SystemInit
    startup_stm32h750xx.o(.text) refers to __main.o(!!!main) for __main
    startup_stm32h750xx.o(.text) refers to startup_stm32h750xx.o(HEAP) for Heap_Mem
    startup_stm32h750xx.o(.text) refers to startup_stm32h750xx.o(STACK) for Stack_Mem
    main.o(i.Can2_Init) refers to main.o(i.MX_FDCAN2_Filter_Init) for MX_FDCAN2_Filter_Init
    main.o(i.Can2_Init) refers to stm32h7xx_hal_fdcan.o(i.HAL_FDCAN_ActivateNotification) for HAL_FDCAN_ActivateNotification
    main.o(i.Can2_Init) refers to stm32h7xx_hal_fdcan.o(i.HAL_FDCAN_Start) for HAL_FDCAN_Start
    main.o(i.Can2_Init) refers to fdcan.o(.bss) for hfdcan2
    main.o(i.MX_FDCAN2_Filter_Init) refers to stm32h7xx_hal_fdcan.o(i.HAL_FDCAN_ConfigFilter) for HAL_FDCAN_ConfigFilter
    main.o(i.MX_FDCAN2_Filter_Init) refers to fdcan.o(.bss) for hfdcan2
    main.o(i.Remote_Init) refers to transmit.o(.bss) for RC_Ctl
    main.o(i.SystemClock_Config) refers to rt_memclr_w.o(.text) for __aeabi_memclr4
    main.o(i.SystemClock_Config) refers to stm32h7xx_hal_pwr_ex.o(i.HAL_PWREx_ConfigSupply) for HAL_PWREx_ConfigSupply
    main.o(i.SystemClock_Config) refers to stm32h7xx_hal_rcc.o(i.HAL_RCC_OscConfig) for HAL_RCC_OscConfig
    main.o(i.SystemClock_Config) refers to stm32h7xx_hal_rcc.o(i.HAL_RCC_ClockConfig) for HAL_RCC_ClockConfig
    main.o(i.System_init) refers to main.o(i.Remote_Init) for Remote_Init
    main.o(i.System_init) refers to stm32h7xx_hal_tim.o(i.HAL_TIM_Base_Start_IT) for HAL_TIM_Base_Start_IT
    main.o(i.System_init) refers to stm32h7xx_hal_uart.o(i.HAL_UART_Receive_DMA) for HAL_UART_Receive_DMA
    main.o(i.System_init) refers to usart.o(.bss) for huart1
    main.o(i.System_init) refers to tim.o(.bss) for htim14
    main.o(i.System_init) refers to transmit.o(.ARM.__AT_0x24006000) for dbus_meta_data0
    main.o(i.main) refers to stm32h7xx_hal.o(i.HAL_Init) for HAL_Init
    main.o(i.main) refers to main.o(i.SystemClock_Config) for SystemClock_Config
    main.o(i.main) refers to gpio.o(i.MX_GPIO_Init) for MX_GPIO_Init
    main.o(i.main) refers to dma.o(i.MX_DMA_Init) for MX_DMA_Init
    main.o(i.main) refers to fdcan.o(i.MX_FDCAN1_Init) for MX_FDCAN1_Init
    main.o(i.main) refers to tim.o(i.MX_TIM14_Init) for MX_TIM14_Init
    main.o(i.main) refers to usart.o(i.MX_USART1_UART_Init) for MX_USART1_UART_Init
    main.o(i.main) refers to fdcan.o(i.MX_FDCAN2_Init) for MX_FDCAN2_Init
[...]
    i.HAL_FDCAN_RxFifo0Callback              0x08002a2c   Section        0  transmit.o(i.HAL_FDCAN_RxFifo0Callback)
    i.HAL_FDCAN_RxFifo1Callback              0x08002b24   Section        0  stm32h7xx_hal_fdcan.o(i.HAL_FDCAN_RxFifo1Callback)
    i.HAL_FDCAN_Start                        0x08002b26   Section        0  stm32h7xx_hal_fdcan.o(i.HAL_FDCAN_Start)
    i.HAL_FDCAN_TT_GlobalTimeCallback        0x08002b58   Section        0  stm32h7xx_hal_fdcan.o(i.HAL_FDCAN_TT_GlobalTimeCallback)
    i.HAL_FDCAN_TT_ScheduleSyncCallback      0x08002b5a   Section        0  stm32h7xx_hal_fdcan.o(i.HAL_FDCAN_TT_ScheduleSyncCallback)
    i.HAL_FDCAN_TT_StopWatchCallback         0x08002b5c   Section        0  stm32h7xx_hal_fdcan.o(i.HAL_FDCAN_TT_StopWatchCallback)
    i.HAL_FDCAN_TT_TimeMarkCallback          0x08002b5e   Section        0  stm32h7xx_hal_fdcan.o(i.HAL_FDCAN_TT_TimeMarkCallback)
    i.HAL_FDCAN_TimeoutOccurredCallback      0x08002b60   Section        0  stm32h7xx_hal_fdcan.o(i.HAL_FDCAN_TimeoutOccurredCallback)
    i.HAL_FDCAN_TimestampWraparoundCallback  0x08002b62   Section        0  stm32h7xx_hal_fdcan.o(i.HAL_FDCAN_TimestampWraparoundCallback)
    i.HAL_FDCAN_TxBufferAbortCallback        0x08002b64   Section        0  stm32h7xx_hal_fdcan.o(i.HAL_FDCAN_TxBufferAbortCallback)
    i.HAL_FDCAN_TxBufferCompleteCallback     0x08002b66   Section        0  stm32h7xx_hal_fdcan.o(i.HAL_FDCAN_TxBufferCompleteCallback)
    i.HAL_FDCAN_TxEventFifoCallback          0x08002b68   Section        0  stm32h7xx_hal_fdcan.o(i.HAL_FDCAN_TxEventFifoCallback)
    i.HAL_FDCAN_TxFifoEmptyCallback          0x08002b6a   Section        0  stm32h7xx_hal_fdcan.o(i.HAL_FDCAN_TxFifoEmptyCallback)
    i.HAL_GPIO_Init                          0x08002b6c   Section        0  stm32h7xx_hal_gpio.o(i.HAL_GPIO_Init)
    i.HAL_GetREVID                           0x08002d9c   Section        0  stm32h7xx_hal.o(i.HAL_GetREVID)
    i.HAL_GetTick                            0x08002da8   Section        0  stm32h7xx_hal.o(i.HAL_GetTick)
    i.HAL_IncTick                            0x08002db4   Section        0  stm32h7xx_hal.o(i.HAL_IncTick)
    i.HAL_Init                               0x08002dc4   Section        0  stm32h7xx_hal.o(i.HAL_Init)
    i.HAL_InitTick                           0x08002e20   Section        0  stm32h7xx_hal.o(i.HAL_InitTick)
    i.HAL_MspInit                            0x08002e60   Section        0  stm32h7xx_hal_msp.o(i.HAL_MspInit)
    i.HAL_NVIC_EnableIRQ                     0x08002e80   Section        0  stm32h7xx_hal_cortex.o(i.HAL_NVIC_EnableIRQ)
    i.HAL_NVIC_SetPriority                   0x08002e9c   Section        0  stm32h7xx_hal_cortex.o(i.HAL_NVIC_SetPriority)
    i.HAL_NVIC_SetPriorityGrouping           0x08002edc   Section        0  stm32h7xx_hal_cortex.o(i.HAL_NVIC_SetPriorityGrouping)
    i.HAL_PWREx_ConfigSupply                 0x08002f00   Section        0  stm32h7xx_hal_pwr_ex.o(i.HAL_PWREx_ConfigSupply)
    i.HAL_RCCEx_GetD3PCLK1Freq               0x08002f54   Section        0  stm32h7xx_hal_rcc_ex.o(i.HAL_RCCEx_GetD3PCLK1Freq)
    i.HAL_RCCEx_GetPLL2ClockFreq             0x08002f78   Section        0  stm32h7xx_hal_rcc_ex.o(i.HAL_RCCEx_GetPLL2ClockFreq)
    i.HAL_RCCEx_GetPLL3ClockFreq             0x080030bc   Section        0  stm32h7xx_hal_rcc_ex.o(i.HAL_RCCEx_GetPLL3ClockFreq)
    i.HAL_RCCEx_PeriphCLKConfig              0x08003200   Section        0  stm32h7xx_hal_rcc_ex.o(i.HAL_RCCEx_PeriphCLKConfig)
    i.HAL_RCC_ClockConfig                    0x08003ad4   Section        0  stm32h7xx_hal_rcc.o(i.HAL_RCC_ClockConfig)
    i.HAL_RCC_GetHCLKFreq                    0x08003d30   Section        0  stm32h7xx_hal_rcc.o(i.HAL_RCC_GetHCLKFreq)
    i.HAL_RCC_GetPCLK1Freq                   0x08003d74   Section        0  stm32h7xx_hal_rcc.o(i.HAL_RCC_GetPCLK1Freq)
    i.HAL_RCC_GetPCLK2Freq                   0x08003d98   Section        0  stm32h7xx_hal_rcc.o(i.HAL_RCC_GetPCLK2Freq)
    i.HAL_RCC_GetSysClockFreq                0x08003dbc   Section        0  stm32h7xx_hal_rcc.o(i.HAL_RCC_GetSysClockFreq)
    i.HAL_RCC_OscConfig                      0x08003ef4   Section        0  stm32h7xx_hal_rcc.o(i.HAL_RCC_OscConfig)
    i.HAL_SYSTICK_Config                     0x080043fc   Section        0  stm32h7xx_hal_cortex.o(i.HAL_SYSTICK_Config)
    i.HAL_TIMEx_Break2Callback               0x08004422   Section        0  stm32h7xx_hal_tim_ex.o(i.HAL_TIMEx_Break2Callback)
    i.HAL_TIMEx_BreakCallback                0x08004424   Section        0  stm32h7xx_hal_tim_ex.o(i.HAL_TIMEx_BreakCallback)
    i.HAL_TIMEx_CommutCallback               0x08004426   Section        0  stm32h7xx_hal_tim_ex.o(i.HAL_TIMEx_CommutCallback)
    i.HAL_TIM_Base_Init                      0x08004428   Section        0  stm32h7xx_hal_tim.o(i.HAL_TIM_Base_Init)
    i.HAL_TIM_Base_MspInit                   0x0800448c   Section        0  tim.o(i.HAL_TIM_Base_MspInit)
    i.HAL_TIM_Base_Start_IT                  0x080044c8   Section        0  stm32h7xx_hal_tim.o(i.HAL_TIM_Base_Start_IT)
    i.HAL_TIM_IC_CaptureCallback             0x08004548   Section        0  stm32h7xx_hal_tim.o(i.HAL_TIM_IC_CaptureCallback)
    i.HAL_TIM_IRQHandler                     0x0800454a   Section        0  stm32h7xx_hal_tim.o(i.HAL_TIM_IRQHandler)
    i.HAL_TIM_OC_DelayElapsedCallback        0x080046cc   Section        0  stm32h7xx_hal_tim.o(i.HAL_TIM_OC_DelayElapsedCallback)
    i.HAL_TIM_PWM_PulseFinishedCallback      0x080046ce   Section        0  stm32h7xx_hal_tim.o(i.HAL_TIM_PWM_PulseFinishedCallback)
    i.HAL_TIM_PeriodElapsedCallback          0x080046d0   Section        0  transmit.o(i.HAL_TIM_PeriodElapsedCallback)
    i.HAL_TIM_TriggerCallback                0x08004904   Section        0  stm32h7xx_hal_tim.o(i.HAL_TIM_TriggerCallback)
    i.HAL_UARTEx_DisableFifoMode             0x08004906   Section        0  stm32h7xx_hal_uart_ex.o(i.HAL_UARTEx_DisableFifoMode)
    i.HAL_UARTEx_RxEventCallback             0x08004946   Section        0  stm32h7xx_hal_uart.o(i.HAL_UARTEx_RxEventCallback)
    i.HAL_UARTEx_RxFifoFullCallback          0x08004948   Section        0  stm32h7xx_hal_uart_ex.o(i.HAL_UARTEx_RxFifoFullCallback)
    i.HAL_UARTEx_SetRxFifoThreshold          0x0800494a   Section        0  stm32h7xx_hal_uart_ex.o(i.HAL_UARTEx_SetRxFifoThreshold)
    i.HAL_UARTEx_SetTxFifoThreshold          0x08004996   Section        0  stm32h7xx_hal_uart_ex.o(i.HAL_UARTEx_SetTxFifoThreshold)
    i.HAL_UARTEx_TxFifoEmptyCallback         0x080049e2   Section        0  stm32h7xx_hal_uart_ex.o(i.HAL_UARTEx_TxFifoEmptyCallback)
    i.HAL_UARTEx_WakeupCallback              0x080049e4   Section        0  stm32h7xx_hal_uart_ex.o(i.HAL_UARTEx_WakeupCallback)
    i.HAL_UART_DMAStop                       0x080049e6   Section        0  stm32h7xx_hal_uart.o(i.HAL_UART_DMAStop)
    i.HAL_UART_ErrorCallback                 0x08004a5c   Section        0  stm32h7xx_hal_uart.o(i.HAL_UART_ErrorCallback)
    i.HAL_UART_IRQHandler                    0x08004a60   Section        0  stm32h7xx_hal_uart.o(i.HAL_UART_IRQHandler)
    i.HAL_UART_Init                          0x08004d64   Section        0  stm32h7xx_hal_uart.o(i.HAL_UART_Init)
    i.HAL_UART_MspInit                       0x08004dd0   Section        0  usart.o(i.HAL_UART_MspInit)
    i.HAL_UART_Receive_DMA                   0x08004f68   Section        0  stm32h7xx_hal_uart.o(i.HAL_UART_Receive_DMA)
    i.HAL_UART_RxCpltCallback                0x08004fb4   Section        0  stm32h7xx_hal_uart.o(i.HAL_UART_RxCpltCallback)
    i.HAL_UART_RxHalfCpltCallback            0x08004fb6   Section        0  stm32h7xx_hal_uart.o(i.HAL_UART_RxHalfCpltCallback)
    i.HAL_UART_TxCpltCallback                0x08004fb8   Section        0  stm32h7xx_hal_uart.o(i.HAL_UART_TxCpltCallback)
    i.HardFault_Handler                      0x08004fba   Section        0  stm32h7xx_it.o(i.HardFault_Handler)
    i.MX_DMA_Init                            0x08004fbc   Section        0  dma.o(i.MX_DMA_Init)
    i.MX_FDCAN1_Init                         0x08005008   Section        0  fdcan.o(i.MX_FDCAN1_Init)
    i.MX_FDCAN2_Filter_Init                  0x08005070   Section        0  main.o(i.MX_FDCAN2_Filter_Init)
    i.MX_FDCAN2_Init                         0x08005098   Section        0  fdcan.o(i.MX_FDCAN2_Init)
    i.MX_GPIO_Init                           0x08005104   Section        0  gpio.o(i.MX_GPIO_Init)
    i.MX_TIM14_Init                          0x08005150   Section        0  tim.o(i.MX_TIM14_Init)
    i.MX_USART1_UART_Init                    0x08005184   Section        0  usart.o(i.MX_USART1_UART_Init)
    i.MX_USART6_UART_Init                    0x080051f0   Section        0  usart.o(i.MX_USART6_UART_Init)
    i.MemManage_Handler                      0x08005258   Section        0  stm32h7xx_it.o(i.MemManage_Handler)
    i.NMI_Handler                            0x0800525a   Section        0  stm32h7xx_it.o(i.NMI_Handler)
    i.PC_keybroad_filter                     0x0800525c   Section        0  transmit.o(i.PC_keybroad_filter)
    i.PendSV_Handler                         0x080054e0   Section        0  stm32h7xx_it.o(i.PendSV_Handler)
    i.RCCEx_PLL2_Config                      0x080054e4   Section        0  stm32h7xx_hal_rcc_ex.o(i.RCCEx_PLL2_Config)
    RCCEx_PLL2_Config                        0x080054e5   Thumb Code   284  stm32h7xx_hal_rcc_ex.o(i.RCCEx_PLL2_Config)
    i.RCCEx_PLL3_Config                      0x08005604   Section        0  stm32h7xx_hal_rcc_ex.o(i.RCCEx_PLL3_Config)
    RCCEx_PLL3_Config                        0x08005605   Thumb Code   284  stm32h7xx_hal_rcc_ex.o(i.RCCEx_PLL3_Config)
    i.Remote_Init                            0x08005724   Section        0  main.o(i.Remote_Init)
    i.Remote_Online_Check                    0x0800576c   Section        0  transmit.o(i.Remote_Online_Check)
    i.SVC_Handler                            0x08005784   Section        0  stm32h7xx_it.o(i.SVC_Handler)
    i.SysTick_Handler                        0x08005786   Section        0  stm32h7xx_it.o(i.SysTick_Handler)
    i.SystemClock_Config                     0x0800578c   Section        0  main.o(i.SystemClock_Config)
    i.SystemInit                             0x08005834   Section        0  system_stm32h7xx.o(i.SystemInit)
    i.System_init                            0x08005918   Section        0  main.o(i.System_init)
    i.TIM8_TRG_COM_TIM14_IRQHandler          0x08005964   Section        0  stm32h7xx_it.o(i.TIM8_TRG_COM_TIM14_IRQHandler)
    i.TIM_Base_SetConfig                     0x08005970   Section        0  stm32h7xx_hal_tim.o(i.TIM_Base_SetConfig)
    i.UARTEx_SetNbDataToProcess              0x08005a34   Section        0  stm32h7xx_hal_uart_ex.o(i.UARTEx_SetNbDataToProcess)
    UARTEx_SetNbDataToProcess                0x08005a35   Thumb Code    62  stm32h7xx_hal_uart_ex.o(i.UARTEx_SetNbDataToProcess)
    i.UART_AdvFeatureConfig                  0x08005a78   Section        0  stm32h7xx_hal_uart.o(i.UART_AdvFeatureConfig)
    i.UART_CheckIdleState                    0x08005b40   Section        0  stm32h7xx_hal_uart.o(i.UART_CheckIdleState)
    i.UART_DMAAbortOnError                   0x08005ba0   Section        0  stm32h7xx_hal_uart.o(i.UART_DMAAbortOnError)
    UART_DMAAbortOnError                     0x08005ba1   Thumb Code    20  stm32h7xx_hal_uart.o(i.UART_DMAAbortOnError)
    i.UART_DMAError                          0x08005bb4   Section        0  stm32h7xx_hal_uart.o(i.UART_DMAError)
    UART_DMAError                            0x08005bb5   Thumb Code    78  stm32h7xx_hal_uart.o(i.UART_DMAError)
    i.UART_DMAReceiveCplt                    0x08005c02   Section        0  stm32h7xx_hal_uart.o(i.UART_DMAReceiveCplt)
    UART_DMAReceiveCplt                      0x08005c03   Thumb Code    92  stm32h7xx_hal_uart.o(i.UART_DMAReceiveCplt)
    i.UART_DMARxHalfCplt                     0x08005c5e   Section        0  stm32h7xx_hal_uart.o(i.UART_DMARxHalfCplt)
    UART_DMARxHalfCplt                       0x08005c5f   Thumb Code    28  stm32h7xx_hal_uart.o(i.UART_DMARxHalfCplt)
    i.UART_EndRxTransfer                     0x08005c7c   Section        0  stm32h7xx_hal_uart.o(i.UART_EndRxTransfer)
    UART_EndRxTransfer                       0x08005c7d   Thumb Code    50  stm32h7xx_hal_uart.o(i.UART_EndRxTransfer)
    i.UART_EndTxTransfer                     0x08005cb4   Section        0  stm32h7xx_hal_uart.o(i.UART_EndTxTransfer)
    UART_EndTxTransfer                       0x08005cb5   Thumb Code    28  stm32h7xx_hal_uart.o(i.UART_EndTxTransfer)
    i.UART_SetConfig                         0x08005cd0   Section        0  stm32h7xx_hal_uart.o(i.UART_SetConfig)
    i.UART_Start_Receive_DMA                 0x0800607c   Section        0  stm32h7xx_hal_uart.o(i.UART_Start_Receive_DMA)
    i.UART_WaitOnFlagUntilTimeout            0x08006104   Section        0  stm32h7xx_hal_uart.o(i.UART_WaitOnFlagUntilTimeout)
    i.USART1_IDLE_CALLBACK                   0x080061a8   Section        0  transmit.o(i.USART1_IDLE_CALLBACK)
    i.USART1_IRQHandler                      0x08006420   Section        0  stm32h7xx_it.o(i.USART1_IRQHandler)
    i.USART1_receive_deal                    0x08006434   Section        0  transmit.o(i.USART1_receive_deal)
    i.USART6_IRQHandler                      0x080066fc   Section        0  stm32h7xx_it.o(i.USART6_IRQHandler)
    i.UsageFault_Handler                     0x08006708   Section        0  stm32h7xx_it.o(i.UsageFault_Handler)
    i.Wheel_Pid_Control                      0x0800670c   Section        0  transmit.o(i.Wheel_Pid_Control)
    i.__NVIC_SetPriority                     0x08006828   Section        0  stm32h7xx_hal_cortex.o(i.__NVIC_SetPriority)
    __NVIC_SetPriority                       0x08006829   Thumb Code    34  stm32h7xx_hal_cortex.o(i.__NVIC_SetPriority)
    i.main                                   0x0800684c   Section        0  main.o(i.main)
    x$fpl$fpinit                             0x08006884   Section       10  fpinit.o(x$fpl$fpinit)
    $v0                                      0x08006884   Number         0  fpinit.o(x$fpl$fpinit)
    .constdata                               0x08006890   Section       92  stm32h7xx_hal_fdcan.o(.constdata)
    DLCtoBytes                               0x08006890   Data          16  stm32h7xx_hal_fdcan.o(.constdata)
    .constdata                               0x080068ec   Section        8  stm32h7xx_hal_dma.o(.constdata)
    flagBitshiftOffset                       0x080068ec   Data           8  stm32h7xx_hal_dma.o(.constdata)
    .constdata                               0x080068f4   Section       24  stm32h7xx_hal_uart.o(.constdata)
    .constdata                               0x0800690c   Section       16  stm32h7xx_hal_uart_ex.o(.constdata)
    numerator                                0x0800690c   Data           8  stm32h7xx_hal_uart_ex.o(.constdata)
    denominator                              0x08006914   Data           8  stm32h7xx_hal_uart_ex.o(.constdata)
    .constdata                               0x0800691c   Section       16  system_stm32h7xx.o(.constdata)
    .data                                    0x24000000   Section        4  fdcan.o(.data)
    HAL_RCC_FDCAN_CLK_ENABLED                0x24000000   Data           4  fdcan.o(.data)
    .data                                    0x24000004   Section       12  stm32h7xx_hal.o(.data)
    .data                                    0x24000010   Section        8  system_stm32h7xx.o(.data)
    .data                                    0x24000018   Section      348  transmit.o(.data)
    key_W_cnt                                0x24000018   Data           2  transmit.o(.data)
    key_A_cnt                                0x2400001a   Data           2  transmit.o(.data)
    key_S_cnt                                0x2400001c   Data           2  transmit.o(.data)
    key_D_cnt                                0x2400001e   Data           2  transmit.o(.data)
    key_ctrl_cnt                             0x24000020   Data           2  transmit.o(.data)
    key_shift_cnt                            0x24000022   Data           2  transmit.o(.data)
    mouse_press_l_cnt                        0x24000024   Data           2  transmit.o(.data)
    mouse_press_r_cnt                        0x24000026   Data           2  transmit.o(.data)
    key_C_cnt                                0x24000028   Data           2  transmit.o(.data)
    key_F_cnt                                0x2400002a   Data           2  transmit.o(.data)
    key_G_cnt                                0x2400002c   Data           2  transmit.o(.data)
    key_Q_cnt                                0x2400002e   Data           2  transmit.o(.data)
    key_E_cnt                                0x24000030   Data           2  transmit.o(.data)
    key_Z_cnt                                0x24000032   Data           2  transmit.o(.data)
    key_V_cnt                                0x24000034   Data           2  transmit.o(.data)
    key_X_cnt                                0x24000036   Data           2  transmit.o(.data)
    key_B_cnt                                0x24000038   Data           2  transmit.o(.data)
    key_R_cnt                                0x2400003a   Data           2  transmit.o(.data)
    .data                                    0x24000174   Section        6  wrb_communication.o(.data)
    .data                                    0x2400017a   Section        6  wrb_communication.o(.data)
    .bss                                     0x24000180   Section      320  fdcan.o(.bss)
    .bss                                     0x240002c0   Section       76  tim.o(.bss)
    .bss                                     0x2400030c   Section      648  usart.o(.bss)
    .bss                                     0x24000594   Section      160  transmit.o(.bss)
    E_Sum                                    0x24000594   Data          16  transmit.o(.bss)
    .bss                                     0x24000634   Section       96  libspace.o(.bss)
    HEAP                                     0x24000698   Section      512  startup_stm32h750xx.o(HEAP)
    Heap_Mem                                 0x24000698   Data         512  startup_stm32h750xx.o(HEAP)
    STACK                                    0x24000898   Section     1024  startup_stm32h750xx.o(STACK)
    Stack_Mem                                0x24000898   Data        1024  startup_stm32h750xx.o(STACK)
    __initial_sp                             0x24000c98   Data           0  startup_stm32h750xx.o(STACK)
    .ARM.__AT_0x24006000                     0x24006000   Section       30  transmit.o(.ARM.__AT_0x24006000)
    .ARM.__AT_0x24038000                     0x24038000   Section      256  usart.o(.ARM.__AT_0x24038000)

    Global Symbols

    Symbol Name                              Value     Ov Type        Size  Object(Section)

    BuildAttributes$$THM_ISAv4$E$P$D$K$B$S$7EM$VFPv5_D16$PE$PLD8$A:L22UL41UL21$X:L11$S22US41US21$IEEE1$IW$USESV6$~STKCKD$USESV7$~SHL$OSPACE$ROPI$EBA8$UX$STANDARDLIB$REQ8$PRES8$EABIv2 0x00000000   Number         0  anon$$obj.o ABSOLUTE
    __ARM_use_no_argv                        0x00000000   Number         0  main.o ABSOLUTE
    __ARM_exceptions_init                     - Undefined Weak Reference
    __alloca_initialize                       - Undefined Weak Reference
    __arm_preinit_                            - Undefined Weak Reference
    __cpp_initialize__aeabi_                  - Undefined Weak Reference
    __cxa_finalize                            - Undefined Weak Reference
    __rt_locale                               - Undefined Weak Reference
    __sigvec_lookup                           - Undefined Weak Reference
    _atexit_init                              - Undefined Weak Reference
    _call_atexit_fns                          - Undefined Weak Reference
    _clock_init                               - Undefined Weak Reference
    _fp_trap_init                             - Undefined Weak Reference
    _fp_trap_shutdown                         - Undefined Weak Reference
    _get_lc_collate                           - Undefined Weak Reference
    _get_lc_ctype                             - Undefined Weak Reference
    _get_lc_monetary                          - Undefined Weak Reference
    _get_lc_numeric                           - Undefined Weak Reference
    _get_lc_time                              - Undefined Weak Reference
    _getenv_init                              - Undefined Weak Reference
    _handle_redirection                       - Undefined Weak Reference
    _init_alloc                               - Undefined Weak Reference
    _init_user_alloc                          - Undefined Weak Reference
    _initio                                   - Undefined Weak Reference
    _rand_init                                - Undefined Weak Reference
    _signal_finish                            - Undefined Weak Reference
    _signal_init                              - Undefined Weak Reference
    _terminate_alloc                          - Undefined Weak Reference
    _terminate_user_alloc                     - Undefined Weak Reference
    _terminateio                              - Undefined Weak Reference
    __Vectors_Size                           0x00000298   Number         0  startup_stm32h750xx.o ABSOLUTE
    __Vectors                                0x08000000   Data           4  startup_stm32h750xx.o(RESET)
    __Vectors_End                            0x08000298   Data           0  startup_stm32h750xx.o(RESET)
    __main                                   0x08000299   Thumb Code     8  __main.o(!!!main)
    __scatterload                            0x080002a1   Thumb Code     0  __scatter.o(!!!scatter)
    __scatterload_rt2                        0x080002a1   Thumb Code    44  __scatter.o(!!!scatter)
    __scatterload_rt2_thumb_only             0x080002a1   Thumb Code     0  __scatter.o(!!!scatter)
    __scatterload_null                       0x080002af   Thumb Code     0  __scatter.o(!!!scatter)
    __decompress                             0x080002d5   Thumb Code    90  __dczerorl2.o(!!dczerorl2)
    __decompress1                            0x080002d5   Thumb Code     0  __dczerorl2.o(!!dczerorl2)
    __scatterload_zeroinit                   0x08000331   Thumb Code    28  __scatter_zi.o(!!handler_zi)
    __rt_lib_init                            0x0800034d   Thumb Code     0  libinit.o(.ARM.Collect$$libinit$$00000000)
    __rt_lib_init_fp_1                       0x0800034f   Thumb Code     0  libinit2.o(.ARM.Collect$$libinit$$00000001)
    __rt_lib_init_alloca_1                   0x08000353   Thumb Code     0  libinit2.o(.ARM.Collect$$libinit$$0000002E)
    __rt_lib_init_argv_1                     0x08000353   Thumb Code     0  libinit2.o(.ARM.Collect$$libinit$$0000002C)
    __rt_lib_init_atexit_1                   0x08000353   Thumb Code     0  libinit2.o(.ARM.Collect$$libinit$$0000001B)
    __rt_lib_init_clock_1                    0x08000353   Thumb Code     0  libinit2.o(.ARM.Collect$$libinit$$00000021)
    __rt_lib_init_cpp_1                      0x08000353   Thumb Code     0  libinit2.o(.ARM.Collect$$libinit$$00000032)
    __rt_lib_init_exceptions_1               0x08000353   Thumb Code     0  libinit2.o(.ARM.Collect$$libinit$$00000030)
    __rt_lib_init_fp_trap_1                  0x08000353   Thumb Code     0  libinit2.o(.ARM.Collect$$libinit$$0000001F)
    __rt_lib_init_getenv_1                   0x08000353   Thumb Code     0  libinit2.o(.ARM.Collect$$libinit$$00000023)
    __rt_lib_init_heap_1                     0x08000353   Thumb Code     0  libinit2.o(.ARM.Collect$$libinit$$0000000A)
    __rt_lib_init_lc_collate_1               0x08000353   Thumb Code     0  libinit2.o(.ARM.Collect$$libinit$$00000011)
    __rt_lib_init_lc_ctype_1                 0x08000353   Thumb Code     0  libinit2.o(.ARM.Collect$$libinit$$00000013)
    __rt_lib_init_lc_monetary_1              0x08000353   Thumb Code     0  libinit2.o(.ARM.Collect$$libinit$$00000015)
    __rt_lib_init_lc_numeric_1               0x08000353   Thumb Code     0  libinit2.o(.ARM.Collect$$libinit$$00000017)
    __rt_lib_init_lc_time_1                  0x08000353   Thumb Code     0  libinit2.o(.ARM.Collect$$libinit$$00000019)
    __rt_lib_init_preinit_1                  0x08000353   Thumb Code     0  libinit2.o(.ARM.Collect$$libinit$$00000004)
    __rt_lib_init_rand_1                     0x08000353   Thumb Code     0  libinit2.o(.ARM.Collect$$libinit$$0000000E)
    __rt_lib_init_return                     0x08000353   Thumb Code     0  libinit2.o(.ARM.Collect$$libinit$$00000033)
    __rt_lib_init_signal_1                   0x08000353   Thumb Code     0  libinit2.o(.ARM.Collect$$libinit$$0000001D)
    __rt_lib_init_stdio_1                    0x08000353   Thumb Code     0  libinit2.o(.ARM.Collect$$libinit$$00000025)
    __rt_lib_init_user_alloc_1               0x08000353   Thumb Code     0  libinit2.o(.ARM.Collect$$libinit$$0000000C)
    __rt_lib_shutdown                        0x08000355   Thumb Code     0  libshutdown.o(.ARM.Collect$$libshutdown$$00000000)
    __rt_lib_shutdown_cpp_1                  0x08000357   Thumb Code     0  libshutdown2.o(.ARM.Collect$$libshutdown$$00000002)
    __rt_lib_shutdown_fp_trap_1              0x08000357   Thumb Code     0  libshutdown2.o(.ARM.Collect$$libshutdown$$00000007)
    __rt_lib_shutdown_heap_1                 0x08000357   Thumb Code     0  libshutdown2.o(.ARM.Collect$$libshutdown$$0000000F)
    __rt_lib_shutdown_return                 0x08000357   Thumb Code     0  libshutdown2.o(.ARM.Collect$$libshutdown$$00000010)
    __rt_lib_shutdown_signal_1               0x08000357   Thumb Code     0  libshutdown2.o(.ARM.Collect$$libshutdown$$0000000A)
    __rt_lib_shutdown_stdio_1                0x08000357   Thumb Code     0  libshutdown2.o(.ARM.Collect$$libshutdown$$00000004)
    __rt_lib_shutdown_user_alloc_1           0x08000357   Thumb Code     0  libshutdown2.o(.ARM.Collect$$libshutdown$$0000000C)
    __rt_entry                               0x08000359   Thumb Code     0  __rtentry.o(.ARM.Collect$$rtentry$$00000000)
    __rt_entry_presh_1                       0x08000359   Thumb Code     0  __rtentry2.o(.ARM.Collect$$rtentry$$00000002)
    __rt_entry_sh                            0x08000359   Thumb Code     0  __rtentry4.o(.ARM.Collect$$rtentry$$00000004)
    __rt_entry_li                            0x0800035f   Thumb Code     0  __rtentry2.o(.ARM.Collect$$rtentry$$0000000A)
    __rt_entry_postsh_1                      0x0800035f   Thumb Code     0  __rtentry2.o(.ARM.Collect$$rtentry$$00000009)
    __rt_entry_main                          0x08000363   Thumb Code     0  __rtentry2.o(.ARM.Collect$$rtentry$$0000000D)
    __rt_entry_postli_1                      0x08000363   Thumb Code     0  __rtentry2.o(.ARM.Collect$$rtentry$$0000000C)
    __rt_exit                                0x0800036b   Thumb Code     0  rtexit.o(.ARM.Collect$$rtexit$$00000000)
    __rt_exit_ls                             0x0800036d   Thumb Code     0  rtexit2.o(.ARM.Collect$$rtexit$$00000003)
    __rt_exit_prels_1                        0x0800036d   Thumb Code     0  rtexit2.o(.ARM.Collect$$rtexit$$00000002)
    __rt_exit_exit                           0x08000371   Thumb Code     0  rtexit2.o(.ARM.Collect$$rtexit$$00000004)
    Reset_Handler                            0x08000379   Thumb Code     8  startup_stm32h750xx.o(.text)
    ADC3_IRQHandler                          0x08000393   Thumb Code     0  startup_stm32h750xx.o(.text)
    ADC_IRQHandler                           0x08000393   Thumb Code     0  startup_stm32h750xx.o(.text)
    BDMA_Channel0_IRQHandler                 0x08000393   Thumb Code     0  startup_stm32h750xx.o(.text)
    BDMA_Channel1_IRQHandler                 0x08000393   Thumb Code     0  startup_stm32h750xx.o(.text)
    BDMA_Channel2_IRQHandler                 0x08000393   Thumb Code     0  startup_stm32h750xx.o(.text)
    BDMA_Channel3_IRQHandler                 0x08000393   Thumb Code     0  startup_stm32h750xx.o(.text)
    BDMA_Channel4_IRQHandler                 0x08000393   Thumb Code     0  startup_stm32h750xx.o(.text)
    BDMA_Channel5_IRQHandler                 0x08000393   Thumb Code     0  startup_stm32h750xx.o(.text)
    BDMA_Channel6_IRQHandler                 0x08000393   Thumb Code     0  startup_stm32h750xx.o(.text)
    BDMA_Channel7_IRQHandler                 0x08000393   Thumb Code     0  startup_stm32h750xx.o(.text)
    CEC_IRQHandler                           0x08000393   Thumb Code     0  startup_stm32h750xx.o(.text)
    COMP1_IRQHandler                         0x08000393   Thumb Code     0  startup_stm32h750xx.o(.text)
    CRS_IRQHandler                           0x08000393   Thumb Code     0  startup_stm32h750xx.o(.text)
    CRYP_IRQHandler                          0x08000393   Thumb Code     0  startup_stm32h750xx.o(.text)
    DCMI_IRQHandler                          0x08000393   Thumb Code     0  startup_stm32h750xx.o(.text)
    DFSDM1_FLT0_IRQHandler                   0x08000393   Thumb Code     0  startup_stm32h750xx.o(.text)
    DFSDM1_FLT1_IRQHandler                   0x08000393   Thumb Code     0  startup_stm32h750xx.o(.text)
    DFSDM1_FLT2_IRQHandler                   0x08000393   Thumb Code     0  startup_stm32h750xx.o(.text)
    DFSDM1_FLT3_IRQHandler                   0x08000393   Thumb Code     0  startup_stm32h750xx.o(.text)
    DMA1_Stream1_IRQHandler                  0x08000393   Thumb Code     0  startup_stm32h750xx.o(.text)
    DMA1_Stream2_IRQHandler                  0x08000393   Thumb Code     0  startup_stm32h750xx.o(.text)
    DMA1_Stream3_IRQHandler                  0x08000393   Thumb Code     0  startup_stm32h750xx.o(.text)
    DMA1_Stream4_IRQHandler                  0x08000393   Thumb Code     0  startup_stm32h750xx.o(.text)
    DMA1_Stream5_IRQHandler                  0x08000393   Thumb Code     0  startup_stm32h750xx.o(.text)
    DMA2D_IRQHandler                         0x08000393   Thumb Code     0  startup_stm32h750xx.o(.text)
    DMA2_Stream0_IRQHandler                  0x08000393   Thumb Code     0  startup_stm32h750xx.o(.text)
    DMA2_Stream1_IRQHandler                  0x08000393   Thumb Code     0  startup_stm32h750xx.o(.text)
    DMA2_Stream2_IRQHandler                  0x08000393   Thumb Code     0  startup_stm32h750xx.o(.text)
    DMA2_Stream3_IRQHandler                  0x08000393   Thumb Code     0  startup_stm32h750xx.o(.text)
    DMA2_Stream4_IRQHandler                  0x08000393   Thumb Code     0  startup_stm32h750xx.o(.text)
    DMA2_Stream5_IRQHandler                  0x08000393   Thumb Code     0  startup_stm32h750xx.o(.text)
    DMA2_Stream6_IRQHandler                  0x08000393   Thumb Code     0  startup_stm32h750xx.o(.text)
    DMA2_Stream7_IRQHandler                  0x08000393   Thumb Code     0  startup_stm32h750xx.o(.text)
    DMAMUX1_OVR_IRQHandler                   0x08000393   Thumb Code     0  startup_stm32h750xx.o(.text)
    DMAMUX2_OVR_IRQHandler                   0x08000393   Thumb Code     0  startup_stm32h750xx.o(.text)
    ECC_IRQHandler                           0x08000393   Thumb Code     0  startup_stm32h750xx.o(.text)
    ETH_IRQHandler                           0x08000393   Thumb Code     0  startup_stm32h750xx.o(.text)
    ETH_WKUP_IRQHandler                      0x08000393   Thumb Code     0  startup_stm32h750xx.o(.text)
    EXTI0_IRQHandler                         0x08000393   Thumb Code     0  startup_stm32h750xx.o(.text)
    EXTI15_10_IRQHandler                     0x08000393   Thumb Code     0  startup_stm32h750xx.o(.text)
    EXTI1_IRQHandler                         0x08000393   Thumb Code     0  startup_stm32h750xx.o(.text)
    EXTI2_IRQHandler                         0x08000393   Thumb Code     0  startup_stm32h750xx.o(.text)
    EXTI3_IRQHandler                         0x08000393   Thumb Code     0  startup_stm32h750xx.o(.text)
    EXTI4_IRQHandler                         0x08000393   Thumb Code     0  startup_stm32h750xx.o(.text)
    EXTI9_5_IRQHandler                       0x08000393   Thumb Code     0  startup_stm32h750xx.o(.text)
    FDCAN1_IT1_IRQHandler                    0x08000393   Thumb Code     0  startup_stm32h750xx.o(.text)
    FDCAN2_IT1_IRQHandler                    0x08000393   Thumb Code     0  startup_stm32h750xx.o(.text)
    FDCAN_CAL_IRQHandler                     0x08000393   Thumb Code     0  startup_stm32h750xx.o(.text)
    FLASH_IRQHandler                         0x08000393   Thumb Code     0  startup_stm32h750xx.o(.text)
    FMC_IRQHandler                           0x08000393   Thumb Code     0  startup_stm32h750xx.o(.text)
    FPU_IRQHandler                           0x08000393   Thumb Code     0  startup_stm32h750xx.o(.text)
    HASH_RNG_IRQHandler                      0x08000393   Thumb Code     0  startup_stm32h750xx.o(.text)
    HRTIM1_FLT_IRQHandler                    0x08000393   Thumb Code     0  startup_stm32h750xx.o(.text)
    HRTIM1_Master_IRQHandler                 0x08000393   Thumb Code     0  startup_stm32h750xx.o(.text)
    HRTIM1_TIMA_IRQHandler                   0x08000393   Thumb Code     0  startup_stm32h750xx.o(.text)
    HRTIM1_TIMB_IRQHandler                   0x08000393   Thumb Code     0  startup_stm32h750xx.o(.text)
    HRTIM1_TIMC_IRQHandler                   0x08000393   Thumb Code     0  startup_stm32h750xx.o(.text)
    HRTIM1_TIMD_IRQHandler                   0x08000393   Thumb Code     0  startup_stm32h750xx.o(.text)
    HRTIM1_TIME_IRQHandler                   0x08000393   Thumb Code     0  startup_stm32h750xx.o(.text)
    HSEM1_IRQHandler                         0x08000393   Thumb Code     0  startup_stm32h750xx.o(.text)
    I2C1_ER_IRQHandler                       0x08000393   Thumb Code     0  startup_stm32h750xx.o(.text)
    I2C1_EV_IRQHandler                       0x08000393   Thumb Code     0  startup_stm32h750xx.o(.text)
    I2C2_ER_IRQHandler                       0x08000393   Thumb Code     0  startup_stm32h750xx.o(.text)
    I2C2_EV_IRQHandler                       0x08000393   Thumb Code     0  startup_stm32h750xx.o(.text)
    I2C3_ER_IRQHandler                       0x08000393   Thumb Code     0  startup_stm32h750xx.o(.text)
    I2C3_EV_IRQHandler                       0x08000393   Thumb Code     0  startup_stm32h750xx.o(.text)
    I2C4_ER_IRQHandler                       0x08000393   Thumb Code     0  startup_stm32h750xx.o(.text)
    I2C4_EV_IRQHandler                       0x08000393   Thumb Code     0  startup_stm32h750xx.o(.text)
    JPEG_IRQHandler                          0x08000393   Thumb Code     0  startup_stm32h750xx.o(.text)
    LPTIM1_IRQHandler                        0x08000393   Thumb Code     0  startup_stm32h750xx.o(.text)
    LPTIM2_IRQHandler                        0x08000393   Thumb Code     0  startup_stm32h750xx.o(.text)
    LPTIM3_IRQHandler                        0x08000393   Thumb Code     0  startup_stm32h750xx.o(.text)
    LPTIM4_IRQHandler                        0x08000393   Thumb Code     0  startup_stm32h750xx.o(.text)
    LPTIM5_IRQHandler                        0x08000393   Thumb Code     0  startup_stm32h750xx.o(.text)
    LPUART1_IRQHandler                       0x08000393   Thumb Code     0  startup_stm32h750xx.o(.text)
    LTDC_ER_IRQHandler                       0x08000393   Thumb Code     0  startup_stm32h750xx.o(.text)
    LTDC_IRQHandler                          0x08000393   Thumb Code     0  startup_stm32h750xx.o(.text)
    MDIOS_IRQHandler                         0x08000393   Thumb Code     0  startup_stm32h750xx.o(.text)
    MDIOS_WKUP_IRQHandler                    0x08000393   Thumb Code     0  startup_stm32h750xx.o(.text)
    MDMA_IRQHandler                          0x08000393   Thumb Code     0  startup_stm32h750xx.o(.text)
    OTG_FS_EP1_IN_IRQHandler                 0x08000393   Thumb Code     0  startup_stm32h750xx.o(.text)
    OTG_FS_EP1_OUT_IRQHandler                0x08000393   Thumb Code     0  startup_stm32h750xx.o(.text)
    OTG_FS_IRQHandler                        0x08000393   Thumb Code     0  startup_stm32h750xx.o(.text)
    OTG_FS_WKUP_IRQHandler                   0x08000393   Thumb Code     0  startup_stm32h750xx.o(.text)
    OTG_HS_EP1_IN_IRQHandler                 0x08000393   Thumb Code     0  startup_stm32h750xx.o(.text)
    OTG_HS_EP1_OUT_IRQHandler                0x08000393   Thumb Code     0  startup_stm32h750xx.o(.text)
    OTG_HS_IRQHandler                        0x08000393   Thumb Code     0  startup_stm32h750xx.o(.text)
    OTG_HS_WKUP_IRQHandler                   0x08000393   Thumb Code     0  startup_stm32h750xx.o(.text)
    PVD_AVD_IRQHandler                       0x08000393   Thumb Code     0  startup_stm32h750xx.o(.text)
    QUADSPI_IRQHandler                       0x08000393   Thumb Code     0  startup_stm32h750xx.o(.text)
    RCC_IRQHandler                           0x08000393   Thumb Code     0  startup_stm32h750xx.o(.text)
    RTC_Alarm_IRQHandler                     0x08000393   Thumb Code     0  startup_stm32h750xx.o(.text)
    RTC_WKUP_IRQHandler                      0x08000393   Thumb Code     0  startup_stm32h750xx.o(.text)
    SAI1_IRQHandler                          0x08000393   Thumb Code     0  startup_stm32h750xx.o(.text)
    SAI2_IRQHandler                          0x08000393   Thumb Code     0  startup_stm32h750xx.o(.text)
    SAI3_IRQHandler                          0x08000393   Thumb Code     0  startup_stm32h750xx.o(.text)
    SAI4_IRQHandler                          0x08000393   Thumb Code     0  startup_stm32h750xx.o(.text)
    SDMMC1_IRQHandler                        0x08000393   Thumb Code     0  startup_stm32h750xx.o(.text)
    SDMMC2_IRQHandler                        0x08000393   Thumb Code     0  startup_stm32h750xx.o(.text)
    SPDIF_RX_IRQHandler                      0x08000393   Thumb Code     0  startup_stm32h750xx.o(.text)
    SPI1_IRQHandler                          0x08000393   Thumb Code     0  startup_stm32h750xx.o(.text)
    SPI2_IRQHandler                          0x08000393   Thumb Code     0  startup_stm32h750xx.o(.text)
    SPI3_IRQHandler                          0x08000393   Thumb Code     0  startup_stm32h750xx.o(.text)
    SPI4_IRQHandler                          0x08000393   Thumb Code     0  startup_stm32h750xx.o(.text)
    SPI5_IRQHandler                          0x08000393   Thumb Code     0  startup_stm32h750xx.o(.text)
    SPI6_IRQHandler                          0x08000393   Thumb Code     0  startup_stm32h750xx.o(.text)
    SWPMI1_IRQHandler                        0x08000393   Thumb Code     0  startup_stm32h750xx.o(.text)
    TAMP_STAMP_IRQHandler                    0x08000393   Thumb Code     0  startup_stm32h750xx.o(.text)
    TIM15_IRQHandler                         0x08000393   Thumb Code     0  startup_stm32h750xx.o(.text)
    TIM16_IRQHandler                         0x08000393   Thumb Code     0  startup_stm32h750xx.o(.text)
    TIM17_IRQHandler                         0x08000393   Thumb Code     0  startup_stm32h750xx.o(.text)
    TIM1_BRK_IRQHandler                      0x08000393   Thumb Code     0  startup_stm32h750xx.o(.text)
    TIM1_CC_IRQHandler                       0x08000393   Thumb Code     0  startup_stm32h750xx.o(.text)
    TIM1_TRG_COM_IRQHandler                  0x08000393   Thumb Code     0  startup_stm32h750xx.o(.text)
    TIM1_UP_IRQHandler                       0x08000393   Thumb Code     0  startup_stm32h750xx.o(.text)
    TIM2_IRQHandler                          0x08000393   Thumb Code     0  startup_stm32h750xx.o(.text)
    TIM3_IRQHandler                          0x08000393   Thumb Code     0  startup_stm32h750xx.o(.text)
    TIM4_IRQHandler                          0x08000393   Thumb Code     0  startup_stm32h750xx.o(.text)
    TIM5_IRQHandler                          0x08000393   Thumb Code     0  startup_stm32h750xx.o(.text)
    TIM6_DAC_IRQHandler                      0x08000393   Thumb Code     0  startup_stm32h750xx.o(.text)
    TIM7_IRQHandler                          0x08000393   Thumb Code     0  startup_stm32h750xx.o(.text)
    TIM8_BRK_TIM12_IRQHandler                0x08000393   Thumb Code     0  startup_stm32h750xx.o(.text)
    TIM8_CC_IRQHandler                       0x08000393   Thumb Code     0  startup_stm32h750xx.o(.text)
    TIM8_UP_TIM13_IRQHandler                 0x08000393   Thumb Code     0  startup_stm32h750xx.o(.text)
    UART4_IRQHandler                         0x08000393   Thumb Code     0  startup_stm32h750xx.o(.text)
    UART5_IRQHandler                         0x08000393   Thumb Code     0  startup_stm32h750xx.o(.text)
    UART7_IRQHandler                         0x08000393   Thumb Code     0  startup_stm32h750xx.o(.text)
    UART8_IRQHandler                         0x08000393   Thumb Code     0  startup_stm32h750xx.o(.text)
    USART2_IRQHandler                        0x08000393   Thumb Code     0  startup_stm32h750xx.o(.text)
    USART3_IRQHandler                        0x08000393   Thumb Code     0  startup_stm32h750xx.o(.text)
    WAKEUP_PIN_IRQHandler                    0x08000393   Thumb Code     0  startup_stm32h750xx.o(.text)
    WWDG_IRQHandler                          0x08000393   Thumb Code     0  startup_stm32h750xx.o(.text)
    __user_initial_stackheap                 0x08000395   Thumb Code     0  startup_stm32h750xx.o(.text)
    __aeabi_uldivmod                         0x080003b9   Thumb Code     0  lludivv7m.o(.text)
    _ll_udiv                                 0x080003b9   Thumb Code   238  lludivv7m.o(.text)
    __aeabi_memcpy4                          0x080004a7   Thumb Code     0  rt_memcpy_w.o(.text)
    __aeabi_memcpy8                          0x080004a7   Thumb Code     0  rt_memcpy_w.o(.text)
    __rt_memcpy_w                            0x080004a7   Thumb Code   100  rt_memcpy_w.o(.text)
    _memcpy_lastbytes_aligned                0x080004ef   Thumb Code     0  rt_memcpy_w.o(.text)
    __aeabi_memclr4                          0x0800050b   Thumb Code     0  rt_memclr_w.o(.text)
    __aeabi_memclr8                          0x0800050b   Thumb Code     0  rt_memclr_w.o(.text)
    __rt_memclr_w                            0x0800050b   Thumb Code    78  rt_memclr_w.o(.text)
    _memset_w                                0x0800050f   Thumb Code     0  rt_memclr_w.o(.text)
    __use_two_region_memory                  0x08000559   Thumb Code     2  heapauxi.o(.text)
    __rt_heap_escrow$2region                 0x0800055b   Thumb Code     2  heapauxi.o(.text)
    __rt_heap_expand$2region                 0x0800055d   Thumb Code     2  heapauxi.o(.text)
    __user_setup_stackheap                   0x0800055f   Thumb Code    74  sys_stackheap_outer.o(.text)
    exit                                     0x080005a9   Thumb Code    18  exit.o(.text)
    __user_libspace                          0x080005bd   Thumb Code     8  libspace.o(.text)
    __user_perproc_libspace                  0x080005bd   Thumb Code     0  libspace.o(.text)
    __user_perthread_libspace                0x080005bd   Thumb Code     0  libspace.o(.text)
    _sys_exit                                0x080005c5   Thumb Code     8  sys_exit.o(.text)
    __I$use$semihosting                      0x080005d1   Thumb Code     0  use_no_semi.o(.text)
    __use_no_semihosting_swi                 0x080005d1   Thumb Code     2  use_no_semi.o(.text)
    BusFault_Handler                         0x080005d3   Thumb Code     2  stm32h7xx_it.o(i.BusFault_Handler)
    __semihosting_library_function           0x080005d3   Thumb Code     0  indicate_semi.o(.text)
    Can2_Init                                0x080005d5   Thumb Code    26  main.o(i.Can2_Init)
    DMA1_Stream0_IRQHandler                  0x080005f5   Thumb Code     6  stm32h7xx_it.o(i.DMA1_Stream0_IRQHandler)
    DMA1_Stream6_IRQHandler                  0x08000601   Thumb Code     6  stm32h7xx_it.o(i.DMA1_Stream6_IRQHandler)
    DMA1_Stream7_IRQHandler                  0x0800060d   Thumb Code     6  stm32h7xx_it.o(i.DMA1_Stream7_IRQHandler)
    DebugMon_Handler                         0x08000a51   Thumb Code     2  stm32h7xx_it.o(i.DebugMon_Handler)
    Error_Handler                            0x08000a53   Thumb Code     4  main.o(i.Error_Handler)
    FDCAN1_IT0_IRQHandler                    0x08000a59   Thumb Code     6  stm32h7xx_it.o(i.FDCAN1_IT0_IRQHandler)
    FDCAN2_IT0_IRQHandler                    0x08000a65   Thumb Code     6  stm32h7xx_it.o(i.FDCAN2_IT0_IRQHandler)
    FDCAN2_send_msg_chassis                  0x08000a71   Thumb Code   186  transmit.o(i.FDCAN2_send_msg_chassis)
    HAL_DMA_Abort                            0x08000d69   Thumb Code   840  stm32h7xx_hal_dma.o(i.HAL_DMA_Abort)
    HAL_DMA_Abort_IT                         0x080010cd   Thumb Code   602  stm32h7xx_hal_dma.o(i.HAL_DMA_Abort_IT)
    HAL_DMA_GetError                         0x08001351   Thumb Code     4  stm32h7xx_hal_dma.o(i.HAL_DMA_GetError)
    HAL_DMA_IRQHandler                       0x08001355   Thumb Code  1762  stm32h7xx_hal_dma.o(i.HAL_DMA_IRQHandler)
    HAL_DMA_Init                             0x08001a45   Thumb Code   926  stm32h7xx_hal_dma.o(i.HAL_DMA_Init)
    HAL_DMA_Start_IT                         0x08001e09   Thumb Code   626  stm32h7xx_hal_dma.o(i.HAL_DMA_Start_IT)
    HAL_FDCAN_ActivateNotification           0x080020a5   Thumb Code   126  stm32h7xx_hal_fdcan.o(i.HAL_FDCAN_ActivateNotification)
    HAL_FDCAN_AddMessageToTxFifoQ            0x0800212d   Thumb Code   102  stm32h7xx_hal_fdcan.o(i.HAL_FDCAN_AddMessageToTxFifoQ)
    HAL_FDCAN_ClockCalibrationCallback       0x08002193   Thumb Code     2  stm32h7xx_hal_fdcan.o(i.HAL_FDCAN_ClockCalibrationCallback)
    HAL_FDCAN_ConfigFilter                   0x08002195   Thumb Code   126  stm32h7xx_hal_fdcan.o(i.HAL_FDCAN_ConfigFilter)
    HAL_FDCAN_ErrorCallback                  0x08002213   Thumb Code     2  stm32h7xx_hal_fdcan.o(i.HAL_FDCAN_ErrorCallback)
    HAL_FDCAN_ErrorStatusCallback            0x08002215   Thumb Code     2  stm32h7xx_hal_fdcan.o(i.HAL_FDCAN_ErrorStatusCallback)
    HAL_FDCAN_GetRxMessage                   0x08002219   Thumb Code   400  stm32h7xx_hal_fdcan.o(i.HAL_FDCAN_GetRxMessage)
    HAL_FDCAN_HighPriorityMessageCallback    0x080023ad   Thumb Code     2  stm32h7xx_hal_fdcan.o(i.HAL_FDCAN_HighPriorityMessageCallback)
    HAL_FDCAN_IRQHandler                     0x080023b1   Thumb Code   780  stm32h7xx_hal_fdcan.o(i.HAL_FDCAN_IRQHandler)
    HAL_FDCAN_Init                           0x080026c9   Thumb Code   572  stm32h7xx_hal_fdcan.o(i.HAL_FDCAN_Init)
    HAL_FDCAN_MspInit                        0x0800290d   Thumb Code   258  fdcan.o(i.HAL_FDCAN_MspInit)
    HAL_FDCAN_RxBufferNewMessageCallback     0x08002a29   Thumb Code     2  stm32h7xx_hal_fdcan.o(i.HAL_FDCAN_RxBufferNewMessageCallback)
    HAL_FDCAN_RxFifo0Callback                0x08002a2d   Thumb Code   236  transmit.o(i.HAL_FDCAN_RxFifo0Callback)
    HAL_FDCAN_RxFifo1Callback                0x08002b25   Thumb Code     2  stm32h7xx_hal_fdcan.o(i.HAL_FDCAN_RxFifo1Callback)
    HAL_FDCAN_Start                          0x08002b27   Thumb Code    50  stm32h7xx_hal_fdcan.o(i.HAL_FDCAN_Start)
    HAL_FDCAN_TT_GlobalTimeCallback          0x08002b59   Thumb Code     2  stm32h7xx_hal_fdcan.o(i.HAL_FDCAN_TT_GlobalTimeCallback)
    HAL_FDCAN_TT_ScheduleSyncCallback        0x08002b5b   Thumb Code     2  stm32h7xx_hal_fdcan.o(i.HAL_FDCAN_TT_ScheduleSyncCallback)
    HAL_FDCAN_TT_StopWatchCallback           0x08002b5d   Thumb Code     2  stm32h7xx_hal_fdcan.o(i.HAL_FDCAN_TT_StopWatchCallback)
    HAL_FDCAN_TT_TimeMarkCallback            0x08002b5f   Thumb Code     2  stm32h7xx_hal_fdcan.o(i.HAL_FDCAN_TT_TimeMarkCallback)
    HAL_FDCAN_TimeoutOccurredCallback        0x08002b61   Thumb Code     2  stm32h7xx_hal_fdcan.o(i.HAL_FDCAN_TimeoutOccurredCallback)
    HAL_FDCAN_TimestampWraparoundCallback    0x08002b63   Thumb Code     2  stm32h7xx_hal_fdcan.o(i.HAL_FDCAN_TimestampWraparoundCallback)
    HAL_FDCAN_TxBufferAbortCallback          0x08002b65   Thumb Code     2  stm32h7xx_hal_fdcan.o(i.HAL_FDCAN_TxBufferAbortCallback)
    HAL_FDCAN_TxBufferCompleteCallback       0x08002b67   Thumb Code     2  stm32h7xx_hal_fdcan.o(i.HAL_FDCAN_TxBufferCompleteCallback)
    HAL_FDCAN_TxEventFifoCallback            0x08002b69   Thumb Code     2  stm32h7xx_hal_fdcan.o(i.HAL_FDCAN_TxEventFifoCallback)
    HAL_FDCAN_TxFifoEmptyCallback            0x08002b6b   Thumb Code     2  stm32h7xx_hal_fdcan.o(i.HAL_FDCAN_TxFifoEmptyCallback)
    HAL_GPIO_Init                            0x08002b6d   Thumb Code   510  stm32h7xx_hal_gpio.o(i.HAL_GPIO_Init)
    HAL_GetREVID                             0x08002d9d   Thumb Code     8  stm32h7xx_hal.o(i.HAL_GetREVID)
    HAL_GetTick                              0x08002da9   Thumb Code     6  stm32h7xx_hal.o(i.HAL_GetTick)
    HAL_IncTick                              0x08002db5   Thumb Code    12  stm32h7xx_hal.o(i.HAL_IncTick)
    HAL_Init                                 0x08002dc5   Thumb Code    74  stm32h7xx_hal.o(i.HAL_Init)
    HAL_InitTick                             0x08002e21   Thumb Code    56  stm32h7xx_hal.o(i.HAL_InitTick)
    HAL_MspInit                              0x08002e61   Thumb Code    28  stm32h7xx_hal_msp.o(i.HAL_MspInit)
    HAL_NVIC_EnableIRQ                       0x08002e81   Thumb Code    26  stm32h7xx_hal_cortex.o(i.HAL_NVIC_EnableIRQ)
    HAL_NVIC_SetPriority                     0x08002e9d   Thumb Code    60  stm32h7xx_hal_cortex.o(i.HAL_NVIC_SetPriority)
    HAL_NVIC_SetPriorityGrouping             0x08002edd   Thumb Code    28  stm32h7xx_hal_cortex.o(i.HAL_NVIC_SetPriorityGrouping)
    HAL_PWREx_ConfigSupply                   0x08002f01   Thumb Code    78  stm32h7xx_hal_pwr_ex.o(i.HAL_PWREx_ConfigSupply)
    HAL_RCCEx_GetD3PCLK1Freq                 0x08002f55   Thumb Code    26  stm32h7xx_hal_rcc_ex.o(i.HAL_RCCEx_GetD3PCLK1Freq)
    HAL_RCCEx_GetPLL2ClockFreq               0x08002f79   Thumb Code   296  stm32h7xx_hal_rcc_ex.o(i.HAL_RCCEx_GetPLL2ClockFreq)
    HAL_RCCEx_GetPLL3ClockFreq               0x080030bd   Thumb Code   296  stm32h7xx_hal_rcc_ex.o(i.HAL_RCCEx_GetPLL3ClockFreq)
    HAL_RCCEx_PeriphCLKConfig                0x08003201   Thumb Code  2258  stm32h7xx_hal_rcc_ex.o(i.HAL_RCCEx_PeriphCLKConfig)
    HAL_RCC_ClockConfig                      0x08003ad5   Thumb Code   580  stm32h7xx_hal_rcc.o(i.HAL_RCC_ClockConfig)
    HAL_RCC_GetHCLKFreq                      0x08003d31   Thumb Code    52  stm32h7xx_hal_rcc.o(i.HAL_RCC_GetHCLKFreq)
    HAL_RCC_GetPCLK1Freq                     0x08003d75   Thumb Code    26  stm32h7xx_hal_rcc.o(i.HAL_RCC_GetPCLK1Freq)
    HAL_RCC_GetPCLK2Freq                     0x08003d99   Thumb Code    26  stm32h7xx_hal_rcc.o(i.HAL_RCC_GetPCLK2Freq)
    HAL_RCC_GetSysClockFreq                  0x08003dbd   Thumb Code   278  stm32h7xx_hal_rcc.o(i.HAL_RCC_GetSysClockFreq)
    HAL_RCC_OscConfig                        0x08003ef5   Thumb Code  1282  stm32h7xx_hal_rcc.o(i.HAL_RCC_OscConfig)
    HAL_SYSTICK_Config                       0x080043fd   Thumb Code    38  stm32h7xx_hal_cortex.o(i.HAL_SYSTICK_Config)
    HAL_TIMEx_Break2Callback                 0x08004423   Thumb Code     2  stm32h7xx_hal_tim_ex.o(i.HAL_TIMEx_Break2Callback)
    HAL_TIMEx_BreakCallback                  0x08004425   Thumb Code     2  stm32h7xx_hal_tim_ex.o(i.HAL_TIMEx_BreakCallback)
    HAL_TIMEx_CommutCallback                 0x08004427   Thumb Code     2  stm32h7xx_hal_tim_ex.o(i.HAL_TIMEx_CommutCallback)
    HAL_TIM_Base_Init                        0x08004429   Thumb Code    98  stm32h7xx_hal_tim.o(i.HAL_TIM_Base_Init)
    HAL_TIM_Base_MspInit                     0x0800448d   Thumb Code    50  tim.o(i.HAL_TIM_Base_MspInit)
    HAL_TIM_Base_Start_IT                    0x080044c9   Thumb Code   100  stm32h7xx_hal_tim.o(i.HAL_TIM_Base_Start_IT)
    HAL_TIM_IC_CaptureCallback               0x08004549   Thumb Code     2  stm32h7xx_hal_tim.o(i.HAL_TIM_IC_CaptureCallback)
    HAL_TIM_IRQHandler                       0x0800454b   Thumb Code   386  stm32h7xx_hal_tim.o(i.HAL_TIM_IRQHandler)
    HAL_TIM_OC_DelayElapsedCallback          0x080046cd   Thumb Code     2  stm32h7xx_hal_tim.o(i.HAL_TIM_OC_DelayElapsedCallback)
    HAL_TIM_PWM_PulseFinishedCallback        0x080046cf   Thumb Code     2  stm32h7xx_hal_tim.o(i.HAL_TIM_PWM_PulseFinishedCallback)
    HAL_TIM_PeriodElapsedCallback            0x080046d1   Thumb Code   546  transmit.o(i.HAL_TIM_PeriodElapsedCallback)
    HAL_TIM_TriggerCallback                  0x08004905   Thumb Code     2  stm32h7xx_hal_tim.o(i.HAL_TIM_TriggerCallback)
    HAL_UARTEx_DisableFifoMode               0x08004907   Thumb Code    64  stm32h7xx_hal_uart_ex.o(i.HAL_UARTEx_DisableFifoMode)
    HAL_UARTEx_RxEventCallback               0x08004947   Thumb Code     2  stm32h7xx_hal_uart.o(i.HAL_UARTEx_RxEventCallback)
    HAL_UARTEx_RxFifoFullCallback            0x08004949   Thumb Code     2  stm32h7xx_hal_uart_ex.o(i.HAL_UARTEx_RxFifoFullCallback)
    HAL_UARTEx_SetRxFifoThreshold            0x0800494b   Thumb Code    76  stm32h7xx_hal_uart_ex.o(i.HAL_UARTEx_SetRxFifoThreshold)
    HAL_UARTEx_SetTxFifoThreshold            0x08004997   Thumb Code    76  stm32h7xx_hal_uart_ex.o(i.HAL_UARTEx_SetTxFifoThreshold)
    HAL_UARTEx_TxFifoEmptyCallback           0x080049e3   Thumb Code     2  stm32h7xx_hal_uart_ex.o(i.HAL_UARTEx_TxFifoEmptyCallback)
    HAL_UARTEx_WakeupCallback                0x080049e5   Thumb Code     2  stm32h7xx_hal_uart_ex.o(i.HAL_UARTEx_WakeupCallback)
    HAL_UART_DMAStop                         0x080049e7   Thumb Code   118  stm32h7xx_hal_uart.o(i.HAL_UART_DMAStop)
    HAL_UART_ErrorCallback                   0x08004a5d   Thumb Code     2  stm32h7xx_hal_uart.o(i.HAL_UART_ErrorCallback)
    HAL_UART_IRQHandler                      0x08004a61   Thumb Code   746  stm32h7xx_hal_uart.o(i.HAL_UART_IRQHandler)
    HAL_UART_Init                            0x08004d65   Thumb Code   106  stm32h7xx_hal_uart.o(i.HAL_UART_Init)
    HAL_UART_MspInit                         0x08004dd1   Thumb Code   378  usart.o(i.HAL_UART_MspInit)
    HAL_UART_Receive_DMA                     0x08004f69   Thumb Code    70  stm32h7xx_hal_uart.o(i.HAL_UART_Receive_DMA)
    HAL_UART_RxCpltCallback                  0x08004fb5   Thumb Code     2  stm32h7xx_hal_uart.o(i.HAL_UART_RxCpltCallback)
    HAL_UART_RxHalfCpltCallback              0x08004fb7   Thumb Code     2  stm32h7xx_hal_uart.o(i.HAL_UART_RxHalfCpltCallback)
    HAL_UART_TxCpltCallback                  0x08004fb9   Thumb Code     2  stm32h7xx_hal_uart.o(i.HAL_UART_TxCpltCallback)
    HardFault_Handler                        0x08004fbb   Thumb Code     2  stm32h7xx_it.o(i.HardFault_Handler)
    MX_DMA_Init                              0x08004fbd   Thumb Code    72  dma.o(i.MX_DMA_Init)
    MX_FDCAN1_Init                           0x08005009   Thumb Code    96  fdcan.o(i.MX_FDCAN1_Init)
    MX_FDCAN2_Filter_Init                    0x08005071   Thumb Code    34  main.o(i.MX_FDCAN2_Filter_Init)
    MX_FDCAN2_Init                           0x08005099   Thumb Code   100  fdcan.o(i.MX_FDCAN2_Init)
    MX_GPIO_Init                             0x08005105   Thumb Code    70  gpio.o(i.MX_GPIO_Init)
    MX_TIM14_Init                            0x08005151   Thumb Code    44  tim.o(i.MX_TIM14_Init)
    MX_USART1_UART_Init                      0x08005185   Thumb Code    96  usart.o(i.MX_USART1_UART_Init)
    MX_USART6_UART_Init                      0x080051f1   Thumb Code    94  usart.o(i.MX_USART6_UART_Init)
    MemManage_Handler                        0x08005259   Thumb Code     2  stm32h7xx_it.o(i.MemManage_Handler)
    NMI_Handler                              0x0800525b   Thumb Code     2  stm32h7xx_it.o(i.NMI_Handler)
    PC_keybroad_filter                       0x0800525d   Thumb Code   636  transmit.o(i.PC_keybroad_filter)
    PendSV_Handler                           0x080054e1   Thumb Code     2  stm32h7xx_it.o(i.PendSV_Handler)
    Remote_Init                              0x08005725   Thumb Code    66  main.o(i.Remote_Init)
    Remote_Online_Check                      0x0800576d   Thumb Code    20  transmit.o(i.Remote_Online_Check)
    SVC_Handler                              0x08005785   Thumb Code     2  stm32h7xx_it.o(i.SVC_Handler)
    SysTick_Handler                          0x08005787   Thumb Code     4  stm32h7xx_it.o(i.SysTick_Handler)
    SystemClock_Config                       0x0800578d   Thumb Code   158  main.o(i.SystemClock_Config)
    SystemInit                               0x08005835   Thumb Code   188  system_stm32h7xx.o(i.SystemInit)
    System_init                              0x08005919   Thumb Code    60  main.o(i.System_init)
    TIM8_TRG_COM_TIM14_IRQHandler            0x08005965   Thumb Code     6  stm32h7xx_it.o(i.TIM8_TRG_COM_TIM14_IRQHandler)
    TIM_Base_SetConfig                       0x08005971   Thumb Code   162  stm32h7xx_hal_tim.o(i.TIM_Base_SetConfig)
    UART_AdvFeatureConfig                    0x08005a79   Thumb Code   200  stm32h7xx_hal_uart.o(i.UART_AdvFeatureConfig)
    UART_CheckIdleState                      0x08005b41   Thumb Code    96  stm32h7xx_hal_uart.o(i.UART_CheckIdleState)
    UART_SetConfig                           0x08005cd1   Thumb Code   876  stm32h7xx_hal_uart.o(i.UART_SetConfig)
    UART_Start_Receive_DMA                   0x0800607d   Thumb Code   122  stm32h7xx_hal_uart.o(i.UART_Start_Receive_DMA)
    UART_WaitOnFlagUntilTimeout              0x08006105   Thumb Code   164  stm32h7xx_hal_uart.o(i.UART_WaitOnFlagUntilTimeout)
    USART1_IDLE_CALLBACK                     0x080061a9   Thumb Code   600  transmit.o(i.USART1_IDLE_CALLBACK)
    USART1_IRQHandler                        0x08006421   Thumb Code    16  stm32h7xx_it.o(i.USART1_IRQHandler)
    USART1_receive_deal                      0x08006435   Thumb Code   690  transmit.o(i.USART1_receive_deal)
    USART6_IRQHandler                        0x080066fd   Thumb Code     6  stm32h7xx_it.o(i.USART6_IRQHandler)
    UsageFault_Handler                       0x08006709   Thumb Code     2  stm32h7xx_it.o(i.UsageFault_Handler)
    Wheel_Pid_Control                        0x0800670d   Thumb Code   226  transmit.o(i.Wheel_Pid_Control)
    main                                     0x0800684d   Thumb Code    52  main.o(i.main)
    _fp_init                                 0x08006885   Thumb Code    10  fpinit.o(x$fpl$fpinit)
    __fplib_config_fpu_vfp                   0x0800688d   Thumb Code     0  fpinit.o(x$fpl$fpinit)
    __fplib_config_pureend_doubles           0x0800688d   Thumb Code     0  fpinit.o(x$fpl$fpinit)
    UARTPrescTable                           0x080068f4   Data          24  stm32h7xx_hal_uart.o(.constdata)
    D1CorePrescTable                         0x0800691c   Data          16  system_stm32h7xx.o(.constdata)
    Region$$Table$$Base                      0x0800692c   Number         0  anon$$obj.o(Region$$Table)
    Region$$Table$$Limit                     0x0800694c   Number         0  anon$$obj.o(Region$$Table)
    uwTickFreq                               0x24000004   Data           1  stm32h7xx_hal.o(.data)
    uwTickPrio                               0x24000008   Data           4  stm32h7xx_hal.o(.data)
    uwTick                                   0x2400000c   Data           4  stm32h7xx_hal.o(.data)
    SystemCoreClock                          0x24000010   Data           4  system_stm32h7xx.o(.data)
    SystemD2Clock                            0x24000014   Data           4  system_stm32h7xx.o(.data)
    this_time_rx_len                         0x2400003c   Data           2  transmit.o(.data)
    Clock_time                               0x24000040   Data           4  transmit.o(.data)
    kk                                       0x24000044   Data           4  transmit.o(.data)
    wheel                                    0x24000048   Data          80  transmit.o(.data)
    Check                                    0x24000098   Data          56  transmit.o(.data)
    Debug                                    0x240000d0   Data          56  transmit.o(.data)
    Flag                                     0x24000108   Data          56  transmit.o(.data)
    Pid_Wheel                                0x24000140   Data          52  transmit.o(.data)
    move                                     0x24000174   Data           6  wrb_communication.o(.data)
    delta_move                               0x2400017a   Data           6  wrb_communication.o(.data)
    hfdcan1                                  0x24000180   Data         160  fdcan.o(.bss)
    hfdcan2                                  0x24000220   Data         160  fdcan.o(.bss)
    htim14                                   0x240002c0   Data          76  tim.o(.bss)
    huart1                                   0x2400030c   Data         144  usart.o(.bss)
    huart6                                   0x2400039c   Data         144  usart.o(.bss)
    hdma_usart1_rx                           0x2400042c   Data         120  usart.o(.bss)
    hdma_usart6_rx                           0x240004a4   Data         120  usart.o(.bss)
    hdma_usart6_tx                           0x2400051c   Data         120  usart.o(.bss)
    RC_Ctl                                   0x240005a4   Data         144  transmit.o(.bss)
    __libspace_start                         0x24000634   Data          96  libspace.o(.bss)
    __temporary_stack_top$libspace           0x24000694   Data           0  libspace.o(.bss)
    dbus_meta_data0                          0x24006000   Data          30  transmit.o(.ARM.__AT_0x24006000)
    User_meta_data                           0x24038000   Data         256  usart.o(.ARM.__AT_0x24038000)



==============================================================================

Memory Map of the image

  Image Entry point : 0x08000299

  Load Region LR_IROM1 (Base: 0x08000000, Size: 0x00006acc, Max: 0x00020000, ABSOLUTE, COMPRESSED[0x00006970])

    Execution Region ER_IROM1 (Exec base: 0x08000000, Load base: 0x08000000, Size: 0x0000694c, Max: 0x00020000, ABSOLUTE)

    Exec Addr    Load Addr    Size         Type   Attr      Idx    E Section Name        Object

    0x08000000   0x08000000   0x00000298   Data   RO            3    RESET               startup_stm32h750xx.o
    0x08000298   0x08000298   0x00000008   Code   RO         5233  * !!!main             c_w.l(__main.o)
    0x080002a0   0x080002a0   0x00000034   Code   RO         5402    !!!scatter          c_w.l(__scatter.o)
    0x080002d4   0x080002d4   0x0000005a   Code   RO         5400    !!dczerorl2         c_w.l(__dczerorl2.o)
    0x0800032e   0x0800032e   0x00000002   PAD
    0x08000330   0x08000330   0x0000001c   Code   RO         5404    !!handler_zi        c_w.l(__scatter_zi.o)
    0x0800034c   0x0800034c   0x00000002   Code   RO         5270    .ARM.Collect$$libinit$$00000000  c_w.l(libinit.o)
    0x0800034e   0x0800034e   0x00000004   Code   RO         5282    .ARM.Collect$$libinit$$00000001  c_w.l(libinit2.o)
    0x08000352   0x08000352   0x00000000   Code   RO         5285    .ARM.Collect$$libinit$$00000004  c_w.l(libinit2.o)
    0x08000352   0x08000352   0x00000000   Code   RO         5288    .ARM.Collect$$libinit$$0000000A  c_w.l(libinit2.o)
    0x08000352   0x08000352   0x00000000   Code   RO         5290    .ARM.Collect$$libinit$$0000000C  c_w.l(libinit2.o)
    0x08000352   0x08000352   0x00000000   Code   RO         5292    .ARM.Collect$$libinit$$0000000E  c_w.l(libinit2.o)
    0x08000352   0x08000352   0x00000000   Code   RO         5295    .ARM.Collect$$libinit$$00000011  c_w.l(libinit2.o)
    0x08000352   0x08000352   0x00000000   Code   RO         5297    .ARM.Collect$$libinit$$00000013  c_w.l(libinit2.o)
    0x08000352   0x08000352   0x00000000   Code   RO         5299    .ARM.Collect$$libinit$$00000015  c_w.l(libinit2.o)
    0x08000352   0x08000352   0x00000000   Code   RO         5301    .ARM.Collect$$libinit$$00000017  c_w.l(libinit2.o)
    0x08000352   0x08000352   0x00000000   Code   RO         5303    .ARM.Collect$$libinit$$00000019  c_w.l(libinit2.o)
    0x08000352   0x08000352   0x00000000   Code   RO         5305    .ARM.Collect$$libinit$$0000001B  c_w.l(libinit2.o)
    0x08000352   0x08000352   0x00000000   Code   RO         5307    .ARM.Collect$$libinit$$0000001D  c_w.l(libinit2.o)
    0x08000352   0x08000352   0x00000000   Code   RO         5309    .ARM.Collect$$libinit$$0000001F  c_w.l(libinit2.o)
    0x08000352   0x08000352   0x00000000   Code   RO         5311    .ARM.Collect$$libinit$$00000021  c_w.l(libinit2.o)
    0x08000352   0x08000352   0x00000000   Code   RO         5313    .ARM.Collect$$libinit$$00000023  c_w.l(libinit2.o)
    0x08000352   0x08000352   0x00000000   Code   RO         5315    .ARM.Collect$$libinit$$00000025  c_w.l(libinit2.o)
    0x08000352   0x08000352   0x00000000   Code   RO         5319    .ARM.Collect$$libinit$$0000002C  c_w.l(libinit2.o)
    0x08000352   0x08000352   0x00000000   Code   RO         5321    .ARM.Collect$$libinit$$0000002E  c_w.l(libinit2.o)
    0x08000352   0x08000352   0x00000000   Code   RO         5323    .ARM.Collect$$libinit$$00000030  c_w.l(libinit2.o)
    0x08000352   0x08000352   0x00000000   Code   RO         5325    .ARM.Collect$$libinit$$00000032  c_w.l(libinit2.o)
    0x08000352   0x08000352   0x00000002   Code   RO         5326    .ARM.Collect$$libinit$$00000033  c_w.l(libinit2.o)
    0x08000354   0x08000354   0x00000002   Code   RO         5357    .ARM.Collect$$libshutdown$$00000000  c_w.l(libshutdown.o)
    0x08000356   0x08000356   0x00000000   Code   RO         5383    .ARM.Collect$$libshutdown$$00000002  c_w.l(libshutdown2.o)
    0x08000356   0x08000356   0x00000000   Code   RO         5385    .ARM.Collect$$libshutdown$$00000004  c_w.l(libshutdown2.o)
    0x08000356   0x08000356   0x00000000   Code   RO         5388    .ARM.Collect$$libshutdown$$00000007  c_w.l(libshutdown2.o)
    0x08000356   0x08000356   0x00000000   Code   RO         5391    .ARM.Collect$$libshutdown$$0000000A  c_w.l(libshutdown2.o)
    0x08000356   0x08000356   0x00000000   Code   RO         5393    .ARM.Collect$$libshutdown$$0000000C  c_w.l(libshutdown2.o)
    0x08000356   0x08000356   0x00000000   Code   RO         5396    .ARM.Collect$$libshutdown$$0000000F  c_w.l(libshutdown2.o)
    0x08000356   0x08000356   0x00000002   Code   RO         5397    .ARM.Collect$$libshutdown$$00000010  c_w.l(libshutdown2.o)
    0x08000358   0x08000358   0x00000000   Code   RO         5235    .ARM.Collect$$rtentry$$00000000  c_w.l(__rtentry.o)
    0x08000358   0x08000358   0x00000000   Code   RO         5241    .ARM.Collect$$rtentry$$00000002  c_w.l(__rtentry2.o)
    0x08000358   0x08000358   0x00000006   Code   RO         5253    .ARM.Collect$$rtentry$$00000004  c_w.l(__rtentry4.o)
    0x0800035e   0x0800035e   0x00000000   Code   RO         5243    .ARM.Collect$$rtentry$$00000009  c_w.l(__rtentry2.o)
    0x0800035e   0x0800035e   0x00000004   Code   RO         5244    .ARM.Collect$$rtentry$$0000000A  c_w.l(__rtentry2.o)
    0x08000362   0x08000362   0x00000000   Code   RO         5246    .ARM.Collect$$rtentry$$0000000C  c_w.l(__rtentry2.o)
    0x08000362   0x08000362   0x00000008   Code   RO         5247    .ARM.Collect$$rtentry$$0000000D  c_w.l(__rtentry2.o)
    0x0800036a   0x0800036a   0x00000002   Code   RO         5274    .ARM.Collect$$rtexit$$00000000  c_w.l(rtexit.o)
    0x0800036c   0x0800036c   0x00000000   Code   RO         5330    .ARM.Collect$$rtexit$$00000002  c_w.l(rtexit2.o)
    0x0800036c   0x0800036c   0x00000004   Code   RO         5331    .ARM.Collect$$rtexit$$00000003  c_w.l(rtexit2.o)
    0x08000370   0x08000370   0x00000006   Code   RO         5332    .ARM.Collect$$rtexit$$00000004  c_w.l(rtexit2.o)
    0x08000376   0x08000376   0x00000002   PAD
    0x08000378   0x08000378   0x00000040   Code   RO            4    .text               startup_stm32h750xx.o
    0x080003b8   0x080003b8   0x000000ee   Code   RO         5225    .text               c_w.l(lludivv7m.o)
    0x080004a6   0x080004a6   0x00000064   Code   RO         5227    .text               c_w.l(rt_memcpy_w.o)
    0x0800050a   0x0800050a   0x0000004e   Code   RO         5229    .text               c_w.l(rt_memclr_w.o)
    0x08000558   0x08000558   0x00000006   Code   RO         5231    .text               c_w.l(heapauxi.o)
    0x0800055e   0x0800055e   0x0000004a   Code   RO         5257    .text               c_w.l(sys_stackheap_outer.o)
    0x080005a8   0x080005a8   0x00000012   Code   RO         5259    .text               c_w.l(exit.o)
    0x080005ba   0x080005ba   0x00000002   PAD
    0x080005bc   0x080005bc   0x00000008   Code   RO         5271    .text               c_w.l(libspace.o)
    0x080005c4   0x080005c4   0x0000000c   Code   RO         5327    .text               c_w.l(sys_exit.o)
    0x080005d0   0x080005d0   0x00000002   Code   RO         5346    .text               c_w.l(use_no_semi.o)
    0x080005d2   0x080005d2   0x00000000   Code   RO         5348    .text               c_w.l(indicate_semi.o)
    0x080005d2   0x080005d2   0x00000002   Code   RO          399    i.BusFault_Handler  stm32h7xx_it.o
    0x080005d4   0x080005d4   0x00000020   Code   RO           13    i.Can2_Init         main.o
    0x080005f4   0x080005f4   0x0000000c   Code   RO          400    i.DMA1_Stream0_IRQHandler  stm32h7xx_it.o
    0x08000600   0x08000600   0x0000000c   Code   RO          401    i.DMA1_Stream6_IRQHandler  stm32h7xx_it.o
    0x0800060c   0x0800060c   0x0000000c   Code   RO          402    i.DMA1_Stream7_IRQHandler  stm32h7xx_it.o
    0x08000618   0x08000618   0x000000b4   Code   RO         1927    i.DMA_CalcBaseAndBitshift  stm32h7xx_hal_dma.o
    0x080006cc   0x080006cc   0x0000009c   Code   RO         1928    i.DMA_CalcDMAMUXChannelBaseAndMask  stm32h7xx_hal_dma.o
    0x08000768   0x08000768   0x00000074   Code   RO         1929    i.DMA_CalcDMAMUXRequestGenBaseAndMask  stm32h7xx_hal_dma.o
    0x080007dc   0x080007dc   0x00000054   Code   RO         1930    i.DMA_CheckFifoParam  stm32h7xx_hal_dma.o
    0x08000830   0x08000830   0x00000220   Code   RO         1931    i.DMA_SetConfig     stm32h7xx_hal_dma.o
    0x08000a50   0x08000a50   0x00000002   Code   RO          403    i.DebugMon_Handler  stm32h7xx_it.o
    0x08000a52   0x08000a52   0x00000004   Code   RO           14    i.Error_Handler     main.o
    0x08000a56   0x08000a56   0x00000002   PAD
    0x08000a58   0x08000a58   0x0000000c   Code   RO          404    i.FDCAN1_IT0_IRQHandler  stm32h7xx_it.o
    0x08000a64   0x08000a64   0x0000000c   Code   RO          405    i.FDCAN2_IT0_IRQHandler  stm32h7xx_it.o
    0x08000a70   0x08000a70   0x000000c0   Code   RO         5110    i.FDCAN2_send_msg_chassis  transmit.o
    0x08000b30   0x08000b30   0x000001c8   Code   RO          689    i.FDCAN_CalcultateRamBlockAddresses  stm32h7xx_hal_fdcan.o
    0x08000cf8   0x08000cf8   0x00000070   Code   RO          690    i.FDCAN_CopyMessageToRAM  stm32h7xx_hal_fdcan.o
    0x08000d68   0x08000d68   0x00000364   Code   RO         1932    i.HAL_DMA_Abort     stm32h7xx_hal_dma.o
    0x080010cc   0x080010cc   0x00000284   Code   RO         1933    i.HAL_DMA_Abort_IT  stm32h7xx_hal_dma.o
    0x08001350   0x08001350   0x00000004   Code   RO         1935    i.HAL_DMA_GetError  stm32h7xx_hal_dma.o
    0x08001354   0x08001354   0x000006f0   Code   RO         1937    i.HAL_DMA_IRQHandler  stm32h7xx_hal_dma.o
    0x08001a44   0x08001a44   0x000003c4   Code   RO         1938    i.HAL_DMA_Init      stm32h7xx_hal_dma.o
    0x08001e08   0x08001e08   0x0000029c   Code   RO         1942    i.HAL_DMA_Start_IT  stm32h7xx_hal_dma.o
    0x080020a4   0x080020a4   0x00000088   Code   RO          692    i.HAL_FDCAN_ActivateNotification  stm32h7xx_hal_fdcan.o
    0x0800212c   0x0800212c   0x00000066   Code   RO          694    i.HAL_FDCAN_AddMessageToTxFifoQ  stm32h7xx_hal_fdcan.o
    0x08002192   0x08002192   0x00000002   Code   RO          695    i.HAL_FDCAN_ClockCalibrationCallback  stm32h7xx_hal_fdcan.o
    0x08002194   0x08002194   0x0000007e   Code   RO          699    i.HAL_FDCAN_ConfigFilter  stm32h7xx_hal_fdcan.o
    0x08002212   0x08002212   0x00000002   Code   RO          721    i.HAL_FDCAN_ErrorCallback  stm32h7xx_hal_fdcan.o
    0x08002214   0x08002214   0x00000002   Code   RO          722    i.HAL_FDCAN_ErrorStatusCallback  stm32h7xx_hal_fdcan.o
    0x08002216   0x08002216   0x00000002   PAD
    0x08002218   0x08002218   0x00000194   Code   RO          733    i.HAL_FDCAN_GetRxMessage  stm32h7xx_hal_fdcan.o
    0x080023ac   0x080023ac   0x00000002   Code   RO          739    i.HAL_FDCAN_HighPriorityMessageCallback  stm32h7xx_hal_fdcan.o
    0x080023ae   0x080023ae   0x00000002   PAD
    0x080023b0   0x080023b0   0x00000318   Code   RO          740    i.HAL_FDCAN_IRQHandler  stm32h7xx_hal_fdcan.o
    0x080026c8   0x080026c8   0x00000244   Code   RO          741    i.HAL_FDCAN_Init    stm32h7xx_hal_fdcan.o
    0x0800290c   0x0800290c   0x0000011c   Code   RO          260    i.HAL_FDCAN_MspInit  fdcan.o
    0x08002a28   0x08002a28   0x00000002   Code   RO          750    i.HAL_FDCAN_RxBufferNewMessageCallback  stm32h7xx_hal_fdcan.o
    0x08002a2a   0x08002a2a   0x00000002   PAD
    0x08002a2c   0x08002a2c   0x000000f8   Code   RO         5111    i.HAL_FDCAN_RxFifo0Callback  transmit.o
    0x08002b24   0x08002b24   0x00000002   Code   RO          752    i.HAL_FDCAN_RxFifo1Callback  stm32h7xx_hal_fdcan.o
    0x08002b26   0x08002b26   0x00000032   Code   RO          753    i.HAL_FDCAN_Start   stm32h7xx_hal_fdcan.o
    0x08002b58   0x08002b58   0x00000002   Code   RO          775    i.HAL_FDCAN_TT_GlobalTimeCallback  stm32h7xx_hal_fdcan.o
    0x08002b5a   0x08002b5a   0x00000002   Code   RO          776    i.HAL_FDCAN_TT_ScheduleSyncCallback  stm32h7xx_hal_fdcan.o
    0x08002b5c   0x08002b5c   0x00000002   Code   RO          781    i.HAL_FDCAN_TT_StopWatchCallback  stm32h7xx_hal_fdcan.o
    0x08002b5e   0x08002b5e   0x00000002   Code   RO          782    i.HAL_FDCAN_TT_TimeMarkCallback  stm32h7xx_hal_fdcan.o
    0x08002b60   0x08002b60   0x00000002   Code   RO          783    i.HAL_FDCAN_TimeoutOccurredCallback  stm32h7xx_hal_fdcan.o
    0x08002b62   0x08002b62   0x00000002   Code   RO          784    i.HAL_FDCAN_TimestampWraparoundCallback  stm32h7xx_hal_fdcan.o
    0x08002b64   0x08002b64   0x00000002   Code   RO          785    i.HAL_FDCAN_TxBufferAbortCallback  stm32h7xx_hal_fdcan.o
    0x08002b66   0x08002b66   0x00000002   Code   RO          786    i.HAL_FDCAN_TxBufferCompleteCallback  stm32h7xx_hal_fdcan.o
    0x08002b68   0x08002b68   0x00000002   Code   RO          787    i.HAL_FDCAN_TxEventFifoCallback  stm32h7xx_hal_fdcan.o
    0x08002b6a   0x08002b6a   0x00000002   Code   RO          788    i.HAL_FDCAN_TxFifoEmptyCallback  stm32h7xx_hal_fdcan.o
    0x08002b6c   0x08002b6c   0x00000230   Code   RO         1780    i.HAL_GPIO_Init     stm32h7xx_hal_gpio.o
    0x08002d9c   0x08002d9c   0x0000000c   Code   RO         2652    i.HAL_GetREVID      stm32h7xx_hal.o
    0x08002da8   0x08002da8   0x0000000c   Code   RO         2653    i.HAL_GetTick       stm32h7xx_hal.o
    0x08002db4   0x08002db4   0x00000010   Code   RO         2659    i.HAL_IncTick       stm32h7xx_hal.o
    0x08002dc4   0x08002dc4   0x0000005c   Code   RO         2660    i.HAL_Init          stm32h7xx_hal.o
    0x08002e20   0x08002e20   0x00000040   Code   RO         2661    i.HAL_InitTick      stm32h7xx_hal.o
    0x08002e60   0x08002e60   0x00000020   Code   RO          524    i.HAL_MspInit       stm32h7xx_hal_msp.o
    0x08002e80   0x08002e80   0x0000001a   Code   RO          554    i.HAL_NVIC_EnableIRQ  stm32h7xx_hal_cortex.o
    0x08002e9a   0x08002e9a   0x00000002   PAD
    0x08002e9c   0x08002e9c   0x00000040   Code   RO          560    i.HAL_NVIC_SetPriority  stm32h7xx_hal_cortex.o
    0x08002edc   0x08002edc   0x00000024   Code   RO          561    i.HAL_NVIC_SetPriorityGrouping  stm32h7xx_hal_cortex.o
    0x08002f00   0x08002f00   0x00000054   Code   RO         2381    i.HAL_PWREx_ConfigSupply  stm32h7xx_hal_pwr_ex.o
    0x08002f54   0x08002f54   0x00000024   Code   RO         1423    i.HAL_RCCEx_GetD3PCLK1Freq  stm32h7xx_hal_rcc_ex.o
    0x08002f78   0x08002f78   0x00000144   Code   RO         1425    i.HAL_RCCEx_GetPLL2ClockFreq  stm32h7xx_hal_rcc_ex.o
    0x080030bc   0x080030bc   0x00000144   Code   RO         1426    i.HAL_RCCEx_GetPLL3ClockFreq  stm32h7xx_hal_rcc_ex.o
    0x08003200   0x08003200   0x000008d2   Code   RO         1432    i.HAL_RCCEx_PeriphCLKConfig  stm32h7xx_hal_rcc_ex.o
    0x08003ad2   0x08003ad2   0x00000002   PAD
    0x08003ad4   0x08003ad4   0x0000025c   Code   RO         1308    i.HAL_RCC_ClockConfig  stm32h7xx_hal_rcc.o
    0x08003d30   0x08003d30   0x00000044   Code   RO         1313    i.HAL_RCC_GetHCLKFreq  stm32h7xx_hal_rcc.o
    0x08003d74   0x08003d74   0x00000024   Code   RO         1315    i.HAL_RCC_GetPCLK1Freq  stm32h7xx_hal_rcc.o
    0x08003d98   0x08003d98   0x00000024   Code   RO         1316    i.HAL_RCC_GetPCLK2Freq  stm32h7xx_hal_rcc.o
    0x08003dbc   0x08003dbc   0x00000138   Code   RO         1317    i.HAL_RCC_GetSysClockFreq  stm32h7xx_hal_rcc.o
    0x08003ef4   0x08003ef4   0x00000508   Code   RO         1320    i.HAL_RCC_OscConfig  stm32h7xx_hal_rcc.o
    0x080043fc   0x080043fc   0x00000026   Code   RO          565    i.HAL_SYSTICK_Config  stm32h7xx_hal_cortex.o
    0x08004422   0x08004422   0x00000002   Code   RO         4250    i.HAL_TIMEx_Break2Callback  stm32h7xx_hal_tim_ex.o
    0x08004424   0x08004424   0x00000002   Code   RO         4251    i.HAL_TIMEx_BreakCallback  stm32h7xx_hal_tim_ex.o
    0x08004426   0x08004426   0x00000002   Code   RO         4252    i.HAL_TIMEx_CommutCallback  stm32h7xx_hal_tim_ex.o
    0x08004428   0x08004428   0x00000062   Code   RO         3536    i.HAL_TIM_Base_Init  stm32h7xx_hal_tim.o
    0x0800448a   0x0800448a   0x00000002   PAD
    0x0800448c   0x0800448c   0x0000003c   Code   RO          309    i.HAL_TIM_Base_MspInit  tim.o
    0x080044c8   0x080044c8   0x00000080   Code   RO         3541    i.HAL_TIM_Base_Start_IT  stm32h7xx_hal_tim.o
    0x08004548   0x08004548   0x00000002   Code   RO         3570    i.HAL_TIM_IC_CaptureCallback  stm32h7xx_hal_tim.o
    0x0800454a   0x0800454a   0x00000182   Code   RO         3584    i.HAL_TIM_IRQHandler  stm32h7xx_hal_tim.o
    0x080046cc   0x080046cc   0x00000002   Code   RO         3587    i.HAL_TIM_OC_DelayElapsedCallback  stm32h7xx_hal_tim.o
    0x080046ce   0x080046ce   0x00000002   Code   RO         3614    i.HAL_TIM_PWM_PulseFinishedCallback  stm32h7xx_hal_tim.o
    0x080046d0   0x080046d0   0x00000234   Code   RO         5112    i.HAL_TIM_PeriodElapsedCallback  transmit.o
    0x08004904   0x08004904   0x00000002   Code   RO         3627    i.HAL_TIM_TriggerCallback  stm32h7xx_hal_tim.o
    0x08004906   0x08004906   0x00000040   Code   RO         4961    i.HAL_UARTEx_DisableFifoMode  stm32h7xx_hal_uart_ex.o
    0x08004946   0x08004946   0x00000002   Code   RO         4550    i.HAL_UARTEx_RxEventCallback  stm32h7xx_hal_uart.o
    0x08004948   0x08004948   0x00000002   Code   RO         4968    i.HAL_UARTEx_RxFifoFullCallback  stm32h7xx_hal_uart_ex.o
    0x0800494a   0x0800494a   0x0000004c   Code   RO         4969    i.HAL_UARTEx_SetRxFifoThreshold  stm32h7xx_hal_uart_ex.o
    0x08004996   0x08004996   0x0000004c   Code   RO         4970    i.HAL_UARTEx_SetTxFifoThreshold  stm32h7xx_hal_uart_ex.o
    0x080049e2   0x080049e2   0x00000002   Code   RO         4972    i.HAL_UARTEx_TxFifoEmptyCallback  stm32h7xx_hal_uart_ex.o
    0x080049e4   0x080049e4   0x00000002   Code   RO         4973    i.HAL_UARTEx_WakeupCallback  stm32h7xx_hal_uart_ex.o
    0x080049e6   0x080049e6   0x00000076   Code   RO         4562    i.HAL_UART_DMAStop  stm32h7xx_hal_uart.o
    0x08004a5c   0x08004a5c   0x00000002   Code   RO         4566    i.HAL_UART_ErrorCallback  stm32h7xx_hal_uart.o
    0x08004a5e   0x08004a5e   0x00000002   PAD
    0x08004a60   0x08004a60   0x00000304   Code   RO         4569    i.HAL_UART_IRQHandler  stm32h7xx_hal_uart.o
    0x08004d64   0x08004d64   0x0000006a   Code   RO         4570    i.HAL_UART_Init     stm32h7xx_hal_uart.o
    0x08004dce   0x08004dce   0x00000002   PAD
    0x08004dd0   0x08004dd0   0x00000198   Code   RO          351    i.HAL_UART_MspInit  usart.o
    0x08004f68   0x08004f68   0x0000004c   Code   RO         4574    i.HAL_UART_Receive_DMA  stm32h7xx_hal_uart.o
    0x08004fb4   0x08004fb4   0x00000002   Code   RO         4577    i.HAL_UART_RxCpltCallback  stm32h7xx_hal_uart.o
    0x08004fb6   0x08004fb6   0x00000002   Code   RO         4578    i.HAL_UART_RxHalfCpltCallback  stm32h7xx_hal_uart.o
    0x08004fb8   0x08004fb8   0x00000002   Code   RO         4582    i.HAL_UART_TxCpltCallback  stm32h7xx_hal_uart.o
    0x08004fba   0x08004fba   0x00000002   Code   RO          406    i.HardFault_Handler  stm32h7xx_it.o
    0x08004fbc   0x08004fbc   0x0000004c   Code   RO          235    i.MX_DMA_Init       dma.o
    0x08005008   0x08005008   0x00000068   Code   RO          261    i.MX_FDCAN1_Init    fdcan.o
    0x08005070   0x08005070   0x00000028   Code   RO           15    i.MX_FDCAN2_Filter_Init  main.o
    0x08005098   0x08005098   0x0000006c   Code   RO          262    i.MX_FDCAN2_Init    fdcan.o
    0x08005104   0x08005104   0x0000004c   Code   RO          211    i.MX_GPIO_Init      gpio.o
    0x08005150   0x08005150   0x00000034   Code   RO          310    i.MX_TIM14_Init     tim.o
    0x08005184   0x08005184   0x0000006c   Code   RO          352    i.MX_USART1_UART_Init  usart.o
    0x080051f0   0x080051f0   0x00000068   Code   RO          353    i.MX_USART6_UART_Init  usart.o
    0x08005258   0x08005258   0x00000002   Code   RO          407    i.MemManage_Handler  stm32h7xx_it.o
    0x0800525a   0x0800525a   0x00000002   Code   RO          408    i.NMI_Handler       stm32h7xx_it.o
    0x0800525c   0x0800525c   0x00000284   Code   RO         5114    i.PC_keybroad_filter  transmit.o
    0x080054e0   0x080054e0   0x00000002   Code   RO          409    i.PendSV_Handler    stm32h7xx_it.o
    0x080054e2   0x080054e2   0x00000002   PAD
    0x080054e4   0x080054e4   0x00000120   Code   RO         1435    i.RCCEx_PLL2_Config  stm32h7xx_hal_rcc_ex.o
    0x08005604   0x08005604   0x00000120   Code   RO         1436    i.RCCEx_PLL3_Config  stm32h7xx_hal_rcc_ex.o
    0x08005724   0x08005724   0x00000048   Code   RO           16    i.Remote_Init       main.o
    0x0800576c   0x0800576c   0x00000018   Code   RO         5115    i.Remote_Online_Check  transmit.o
    0x08005784   0x08005784   0x00000002   Code   RO          410    i.SVC_Handler       stm32h7xx_it.o
    0x08005786   0x08005786   0x00000004   Code   RO          411    i.SysTick_Handler   stm32h7xx_it.o
    0x0800578a   0x0800578a   0x00000002   PAD
    0x0800578c   0x0800578c   0x000000a8   Code   RO           17    i.SystemClock_Config  main.o
    0x08005834   0x08005834   0x000000e4   Code   RO         5074    i.SystemInit        system_stm32h7xx.o
    0x08005918   0x08005918   0x0000004c   Code   RO           18    i.System_init       main.o
    0x08005964   0x08005964   0x0000000c   Code   RO          412    i.TIM8_TRG_COM_TIM14_IRQHandler  stm32h7xx_it.o
    0x08005970   0x08005970   0x000000c4   Code   RO         3629    i.TIM_Base_SetConfig  stm32h7xx_hal_tim.o
    0x08005a34   0x08005a34   0x00000044   Code   RO         4974    i.UARTEx_SetNbDataToProcess  stm32h7xx_hal_uart_ex.o
    0x08005a78   0x08005a78   0x000000c8   Code   RO         4584    i.UART_AdvFeatureConfig  stm32h7xx_hal_uart.o
    0x08005b40   0x08005b40   0x00000060   Code   RO         4585    i.UART_CheckIdleState  stm32h7xx_hal_uart.o
    0x08005ba0   0x08005ba0   0x00000014   Code   RO         4586    i.UART_DMAAbortOnError  stm32h7xx_hal_uart.o
    0x08005bb4   0x08005bb4   0x0000004e   Code   RO         4587    i.UART_DMAError     stm32h7xx_hal_uart.o
    0x08005c02   0x08005c02   0x0000005c   Code   RO         4588    i.UART_DMAReceiveCplt  stm32h7xx_hal_uart.o
    0x08005c5e   0x08005c5e   0x0000001c   Code   RO         4590    i.UART_DMARxHalfCplt  stm32h7xx_hal_uart.o
    0x08005c7a   0x08005c7a   0x00000002   PAD
    0x08005c7c   0x08005c7c   0x00000038   Code   RO         4596    i.UART_EndRxTransfer  stm32h7xx_hal_uart.o
    0x08005cb4   0x08005cb4   0x0000001c   Code   RO         4597    i.UART_EndTxTransfer  stm32h7xx_hal_uart.o
    0x08005cd0   0x08005cd0   0x000003ac   Code   RO         4602    i.UART_SetConfig    stm32h7xx_hal_uart.o
    0x0800607c   0x0800607c   0x00000088   Code   RO         4603    i.UART_Start_Receive_DMA  stm32h7xx_hal_uart.o
    0x08006104   0x08006104   0x000000a4   Code   RO         4609    i.UART_WaitOnFlagUntilTimeout  stm32h7xx_hal_uart.o
    0x080061a8   0x080061a8   0x00000278   Code   RO         5116    i.USART1_IDLE_CALLBACK  transmit.o
    0x08006420   0x08006420   0x00000014   Code   RO          413    i.USART1_IRQHandler  stm32h7xx_it.o
    0x08006434   0x08006434   0x000002c8   Code   RO         5117    i.USART1_receive_deal  transmit.o
    0x080066fc   0x080066fc   0x0000000c   Code   RO          414    i.USART6_IRQHandler  stm32h7xx_it.o
    0x08006708   0x08006708   0x00000002   Code   RO          415    i.UsageFault_Handler  stm32h7xx_it.o
    0x0800670a   0x0800670a   0x00000002   PAD
    0x0800670c   0x0800670c   0x0000011c   Code   RO         5118    i.Wheel_Pid_Control  transmit.o
    0x08006828   0x08006828   0x00000022   Code   RO          567    i.__NVIC_SetPriority  stm32h7xx_hal_cortex.o
    0x0800684a   0x0800684a   0x00000002   PAD
    0x0800684c   0x0800684c   0x00000038   Code   RO           19    i.main              main.o
    0x08006884   0x08006884   0x0000000a   Code   RO         5342    x$fpl$fpinit        fz_wv.l(fpinit.o)
    0x0800688e   0x0800688e   0x00000002   PAD
    0x08006890   0x08006890   0x0000005c   Data   RO          789    .constdata          stm32h7xx_hal_fdcan.o
    0x080068ec   0x080068ec   0x00000008   Data   RO         1944    .constdata          stm32h7xx_hal_dma.o
    0x080068f4   0x080068f4   0x00000018   Data   RO         4610    .constdata          stm32h7xx_hal_uart.o
    0x0800690c   0x0800690c   0x00000010   Data   RO         4975    .constdata          stm32h7xx_hal_uart_ex.o
    0x0800691c   0x0800691c   0x00000010   Data   RO         5075    .constdata          system_stm32h7xx.o
    0x0800692c   0x0800692c   0x00000020   Data   RO         5398    Region$$Table       anon$$obj.o


    Execution Region RW_IRAM1 (Exec base: 0x20000000, Load base: 0x0800694c, Size: 0x00000000, Max: 0x00020000, ABSOLUTE)

    **** No section assigned to this execution region ****


    Execution Region RW_IRAM2 (Exec base: 0x24000000, Load base: 0x0800694c, Size: 0x00038100, Max: 0x00080000, ABSOLUTE, COMPRESSED[0x00000024])

    Exec Addr    Load Addr    Size         Type   Attr      Idx    E Section Name        Object

    0x24000000   COMPRESSED   0x00000004   Data   RW          264    .data               fdcan.o
    0x24000004   COMPRESSED   0x0000000c   Data   RW         2682    .data               stm32h7xx_hal.o
    0x24000010   COMPRESSED   0x00000008   Data   RW         5076    .data               system_stm32h7xx.o
    0x24000018   COMPRESSED   0x0000015c   Data   RW         5121    .data               transmit.o
    0x24000174   COMPRESSED   0x00000006   Data   RW         5201    .data               wrb_communication.o
    0x2400017a   COMPRESSED   0x00000006   Data   RW         5202    .data               wrb_communication.o
    0x24000180        -       0x00000140   Zero   RW          263    .bss                fdcan.o
    0x240002c0        -       0x0000004c   Zero   RW          311    .bss                tim.o
    0x2400030c        -       0x00000288   Zero   RW          355    .bss                usart.o
    0x24000594        -       0x000000a0   Zero   RW         5120    .bss                transmit.o
    0x24000634        -       0x00000060   Zero   RW         5272    .bss                c_w.l(libspace.o)
    0x24000694   COMPRESSED   0x00000004   PAD
    0x24000698        -       0x00000200   Zero   RW            2    HEAP                startup_stm32h750xx.o
    0x24000898        -       0x00000400   Zero   RW            1    STACK               startup_stm32h750xx.o
    0x24000c98   COMPRESSED   0x00005368   PAD
    0x24006000        -       0x0000001e   Zero   RW         5119    .ARM.__AT_0x24006000  transmit.o
    0x2400601e   COMPRESSED   0x00031fe2   PAD
    0x24038000        -       0x00000100   Zero   RW          354    .ARM.__AT_0x24038000  usart.o


==============================================================================

Image component sizes


      Code (inc. data)   RO Data    RW Data    ZI Data      Debug   Object Name

        76          4          0          0          0        898   dma.o
       496         42          0          4        320       2736   fdcan.o
        76          6          0          0          0        959   gpio.o
       448         48          0          0          0    1324160   main.o
        64         26        664          0       1536        836   startup_stm32h750xx.o
       196         40          0         12          0      22744   stm32h7xx_hal.o
       198         12          0          0          0      39563   stm32h7xx_hal_cortex.o
      6004        246          8          0          0      12401   stm32h7xx_hal_dma.o
      2790         48         92          0          0      21169   stm32h7xx_hal_fdcan.o
       560         50          0          0          0       2032   stm32h7xx_hal_gpio.o
        32          4          0          0          0        930   stm32h7xx_hal_msp.o
        84          6          0          0          0        781   stm32h7xx_hal_pwr_ex.o
      2344        108          0          0          0       7068   stm32h7xx_hal_rcc.o
      3518        112          0          0          0       7845   stm32h7xx_hal_rcc_ex.o
       816         62          0          0          0       6905   stm32h7xx_hal_tim.o
         6          0          0          0          0       2248   stm32h7xx_hal_tim_ex.o
      2920        158         24          0          0      35363   stm32h7xx_hal_uart.o
       290          6         16          0          0       5450   stm32h7xx_hal_uart_ex.o
       124         46          0          0          0       7892   stm32h7xx_it.o
       228         40         16          8          0       1518   system_stm32h7xx.o
       112         18          0          0         76       1688   tim.o
      3300        160          0        348        190      11667   transmit.o
       620         52          0          0        904       3059   usart.o
         0          0          0         12          0        622   wrb_communication.o

    ----------------------------------------------------------------------
     25330       1294        852        384     229148    1520534   Object Totals
         0          0         32          0          0          0   (incl. Generated)
        28          0          0          0     226122          0   (incl. Padding)

    ----------------------------------------------------------------------

      Code (inc. data)   RO Data    RW Data    ZI Data      Debug   Library Member Name

        90          0          0          0          0          0   __dczerorl2.o
         8          0          0          0          0         68   __main.o
         0          0          0          0          0          0   __rtentry.o
        12          0          0          0          0          0   __rtentry2.o
         6          0          0          0          0          0   __rtentry4.o
        52          8          0          0          0          0   __scatter.o
        28          0          0          0          0          0   __scatter_zi.o
        18          0          0          0          0         80   exit.o
         6          0          0          0          0        152   heapauxi.o
         0          0          0          0          0          0   indicate_semi.o
         2          0          0          0          0          0   libinit.o
         6          0          0          0          0          0   libinit2.o
         2          0          0          0          0          0   libshutdown.o
         2          0          0          0          0          0   libshutdown2.o
         8          4          0          0         96         68   libspace.o
       238          0          0          0          0        100   lludivv7m.o
        78          0          0          0          0         80   rt_memclr_w.o
       100          0          0          0          0         80   rt_memcpy_w.o
         2          0          0          0          0          0   rtexit.o
        10          0          0          0          0          0   rtexit2.o
        12          4          0          0          0         68   sys_exit.o
        74          0          0          0          0         80   sys_stackheap_outer.o
         2          0          0          0          0         68   use_no_semi.o
        10          0          0          0          0        116   fpinit.o

    ----------------------------------------------------------------------
       774         16          0          0        100        960   Library Totals
         8          0          0          0          4          0   (incl. Padding)

    ----------------------------------------------------------------------

      Code (inc. data)   RO Data    RW Data    ZI Data      Debug   Library Name

       756         16          0          0         96        844   c_w.l
        10          0          0          0          0        116   fz_wv.l

    ----------------------------------------------------------------------
       774         16          0          0        100        960   Library Totals

    ----------------------------------------------------------------------

==============================================================================


      Code (inc. data)   RO Data    RW Data    ZI Data      Debug   

     26104       1310        852        384     229248    1507982   Grand Totals
     26104       1310        852         36     229248    1507982   ELF Image Totals (compressed)
     26104       1310        852         36          0          0   ROM Totals

==============================================================================

    Total RO  Size (Code + RO Data)                26956 (  26.32kB)
    Total RW  Size (RW Data + ZI Data)            229632 ( 224.25kB)
    Total ROM Size (Code + RO Data + RW Data)      26992 (  26.36kB)

==============================================================================

