<html>
<body>
<pre>
<h1>µVision Build Log</h1>
<h2>Tool Versions:</h2>
IDE-Version: ¦ÌVision V5.29.0.0
Copyright (C) 2019 ARM Ltd and ARM Germany GmbH. All rights reserved.
License Information: 000 Administrator, 000, LIC=MPPAR-K3IWA-G73R6-DJHMN-NG093-W07MV
 
Tool Versions:
Toolchain:       MDK-ARM Plus  Version: 5.29.0.0
Toolchain Path:  C:\Keil_v5\ARM\ARMCC\Bin
C Compiler:      Armcc.exe V5.06 update 6 (build 750)
Assembler:       Armasm.exe V5.06 update 6 (build 750)
Linker/Locator:  ArmLink.exe V5.06 update 6 (build 750)
Library Manager: ArmAr.exe V5.06 update 6 (build 750)
Hex Converter:   FromElf.exe V5.06 update 6 (build 750)
CPU DLL:         SARMCM3.DLL V5.29.0.0
Dialog DLL:      DCM.DLL V1.17.3.0
Target DLL:      STLink\ST-LINKIII-KEIL_SWO.dll V3.0.7.0
Dialog DLL:      TCM.DLL V1.36.5.0
 
<h2>Project:</h2>
D:\stm32_hal_code\3_27motors\MDK-ARM\3_27motors.uvprojx
Project File Date:  04/03/2021

<h2>Output:</h2>
*** Using Compiler 'V5.06 update 6 (build 750)', folder: 'C:\Keil_v5\ARM\ARMCC\Bin'
Build target '3_27motors'
compiling wrb_communication.c...
./wrb_lib/transmit.h(95): warning:  #1295-D: Deprecated declaration USART1_IDLE_CALLBACK - give arg types
  void USART1_IDLE_CALLBACK();
./wrb_lib/transmit.h(100): warning:  #1295-D: Deprecated declaration Wheel_Control - give arg types
  void Wheel_Control();
./wrb_lib/transmit.h(101): warning:  #1295-D: Deprecated declaration Remote_Online_Check - give arg types
  uint8_t Remote_Online_Check();
wrb_lib\wrb_communication.c(25): warning:  #1-D: last line of file ends without a newline
  };
wrb_lib\wrb_communication.c: 4 warnings, 0 errors
compiling main.c...
./wrb_lib/transmit.h(95): warning:  #1295-D: Deprecated declaration USART1_IDLE_CALLBACK - give arg types
  void USART1_IDLE_CALLBACK();
./wrb_lib/transmit.h(100): warning:  #1295-D: Deprecated declaration Wheel_Control - give arg types
  void Wheel_Control();
./wrb_lib/transmit.h(101): warning:  #1295-D: Deprecated declaration Remote_Online_Check - give arg types
  uint8_t Remote_Online_Check();
../Core/Src/main.c: 3 warnings, 0 errors
compiling usart.c...
compiling transmit.c...
./wrb_lib/transmit.h(95): warning:  #1295-D: Deprecated declaration USART1_IDLE_CALLBACK - give arg types
  void USART1_IDLE_CALLBACK();
./wrb_lib/transmit.h(100): warning:  #1295-D: Deprecated declaration Wheel_Control - give arg types
  void Wheel_Control();
./wrb_lib/transmit.h(101): warning:  #1295-D: Deprecated declaration Remote_Online_Check - give arg types
  uint8_t Remote_Online_Check();
wrb_lib\transmit.c: 3 warnings, 0 errors
linking...
Program Size: Code=26104 RO-data=852 RW-data=384 ZI-data=229248  
FromELF: creating hex file...
"3_27motors\3_27motors.axf" - 0 Error(s), 10 Warning(s).

<h2>Software Packages used:</h2>

Package Vendor: ARM
                http://www.keil.com/pack/ARM.CMSIS.5.6.0.pack
                ARM.CMSIS.5.6.0
                CMSIS (Cortex Microcontroller Software Interface Standard)
   * Component: CORE Version: 5.3.0

Package Vendor: Keil
                https://www.keil.com/pack/Keil.STM32H7xx_DFP.2.3.1.pack
                Keil.STM32H7xx_DFP.2.3.1
                STMicroelectronics STM32H7 Series Device Support and Examples

<h2>Collection of Component include folders:</h2>
  .\RTE\_3_27motors
  C:\Users\Administrator\AppData\Local\Arm\Packs\ARM\CMSIS\5.6.0\CMSIS\Core\Include
  C:\Users\Administrator\AppData\Local\Arm\Packs\Keil\STM32H7xx_DFP\2.3.1\Drivers\CMSIS\Device\ST\STM32H7xx\Include

<h2>Collection of Component Files used:</h2>

   * Component: ARM::CMSIS:CORE:5.3.0
Build Time Elapsed:  00:00:02
</pre>
</body>
</html>
